17:05:46 **** Incremental Build of configuration Debug for project 01_LED2 ****
make -j16 all 
arm-none-eabi-gcc "../Core/Src/led.c" -mcpu=cortex-m4 -std=gnu11 -g3 -DDEBUG -DUSE_HAL_DRIVER -DSTM32F411xE -c -I../Core/Inc -I../Drivers/STM32F4xx_HAL_Driver/Inc -I../Drivers/STM32F4xx_HAL_Driver/Inc/Legacy -I../Drivers/CMSIS/Device/ST/STM32F4xx/Include -I../Drivers/CMSIS/Include -O0 -ffunction-sections -fdata-sections -Wall -fstack-usage -fcyclomatic-complexity -MMD -MP -MF"Core/Src/led.d" -MT"Core/Src/led.o" --specs=nano.specs -mfpu=fpv4-sp-d16 -mfloat-abi=hard -mthumb -o "Core/Src/led.o"
arm-none-eabi-gcc -o "01_LED2.elf" @"objects.list"   -mcpu=cortex-m4 -T"/home/user12/workspace_ondevice_1/arm/01_LED2/STM32F411RETX_FLASH.ld" --specs=nosys.specs -Wl,-Map="01_LED2.map" -Wl,--gc-sections -static --specs=nano.specs -mfpu=fpv4-sp-d16 -mfloat-abi=hard -mthumb -Wl,--start-group -lc -lm -Wl,--end-group
Finished building target: 01_LED2.elf
 
arm-none-eabi-size  01_LED2.elf 
arm-none-eabi-objdump -h -S 01_LED2.elf  > "01_LED2.list"
   text	   data	    bss	    dec	    hex	filename
   6336	     76	   1572	   7984	   1f30	01_LED2.elf
Finished building: default.size.stdout
 
Finished building: 01_LED2.list
 
17:05:47 **** Incremental Build of configuration Debug for project 01_LED2 ****
make -j16 all 
arm-none-eabi-size  01_LED2.elf 
   text	   data	    bss	    dec	    hex	filename
   6336	     76	   1572	   7984	   1f30	01_LED2.elf
Finished building: default.size.stdout
 
17:25:29 **** Incremental Build of configuration Debug for project 01_LED ****
make -j16 all 
arm-none-eabi-size  01_LED.elf 
   text	   data	    bss	    dec	    hex	filename
   6060	     12	   1572	   7644	   1ddc	01_LED.elf
Finished building: default.size.stdout
 
17:25:29 **** Incremental Build of configuration Debug for project 01_LED2 ****
make -j16 all 
arm-none-eabi-gcc "../Core/Src/led.c" -mcpu=cortex-m4 -std=gnu11 -g3 -DDEBUG -DUSE_HAL_DRIVER -DSTM32F411xE -c -I../Core/Inc -I../Drivers/STM32F4xx_HAL_Driver/Inc -I../Drivers/STM32F4xx_HAL_Driver/Inc/Legacy -I../Drivers/CMSIS/Device/ST/STM32F4xx/Include -I../Drivers/CMSIS/Include -O0 -ffunction-sections -fdata-sections -Wall -fstack-usage -fcyclomatic-complexity -MMD -MP -MF"Core/Src/led.d" -MT"Core/Src/led.o" --specs=nano.specs -mfpu=fpv4-sp-d16 -mfloat-abi=hard -mthumb -o "Core/Src/led.o"
arm-none-eabi-gcc -o "01_LED2.elf" @"objects.list"   -mcpu=cortex-m4 -T"/home/user12/workspace_ondevice_1/arm/01_LED2/STM32F411RETX_FLASH.ld" --specs=nosys.specs -Wl,-Map="01_LED2.map" -Wl,--gc-sections -static --specs=nano.specs -mfpu=fpv4-sp-d16 -mfloat-abi=hard -mthumb -Wl,--start-group -lc -lm -Wl,--end-group
Finished building target: 01_LED2.elf
 
arm-none-eabi-size  01_LED2.elf 
arm-none-eabi-objdump -h -S 01_LED2.elf  > "01_LED2.list"
   text	   data	    bss	    dec	    hex	filename
   6340	     76	   1572	   7988	   1f34	01_LED2.elf
Finished building: default.size.stdout
 
Finished building: 01_LED2.list
 
17:25:34 **** Incremental Build of configuration Debug for project 01_LED2 ****
make -j16 all 
arm-none-eabi-size  01_LED2.elf 
   text	   data	    bss	    dec	    hex	filename
   6340	     76	   1572	   7988	   1f34	01_LED2.elf
Finished building: default.size.stdout
 
17:25:50 **** Incremental Build of configuration Debug for project 01_LED ****
make -j16 all 
arm-none-eabi-size  01_LED.elf 
   text	   data	    bss	    dec	    hex	filename
   6060	     12	   1572	   7644	   1ddc	01_LED.elf
Finished building: default.size.stdout
 
17:25:50 **** Incremental Build of configuration Debug for project 01_LED2 ****
make -j16 all 
arm-none-eabi-gcc "../Core/Src/led.c" -mcpu=cortex-m4 -std=gnu11 -g3 -DDEBUG -DUSE_HAL_DRIVER -DSTM32F411xE -c -I../Core/Inc -I../Drivers/STM32F4xx_HAL_Driver/Inc -I../Drivers/STM32F4xx_HAL_Driver/Inc/Legacy -I../Drivers/CMSIS/Device/ST/STM32F4xx/Include -I../Drivers/CMSIS/Include -O0 -ffunction-sections -fdata-sections -Wall -fstack-usage -fcyclomatic-complexity -MMD -MP -MF"Core/Src/led.d" -MT"Core/Src/led.o" --specs=nano.specs -mfpu=fpv4-sp-d16 -mfloat-abi=hard -mthumb -o "Core/Src/led.o"
arm-none-eabi-gcc -o "01_LED2.elf" @"objects.list"   -mcpu=cortex-m4 -T"/home/user12/workspace_ondevice_1/arm/01_LED2/STM32F411RETX_FLASH.ld" --specs=nosys.specs -Wl,-Map="01_LED2.map" -Wl,--gc-sections -static --specs=nano.specs -mfpu=fpv4-sp-d16 -mfloat-abi=hard -mthumb -Wl,--start-group -lc -lm -Wl,--end-group
Finished building target: 01_LED2.elf
 
arm-none-eabi-size  01_LED2.elf 
arm-none-eabi-objdump -h -S 01_LED2.elf  > "01_LED2.list"
   text	   data	    bss	    dec	    hex	filename
   6344	     76	   1572	   7992	   1f38	01_LED2.elf
Finished building: default.size.stdout
 
Finished building: 01_LED2.list
 
17:25:54 **** Incremental Build of configuration Debug for project 01_LED2 ****
make -j16 all 
arm-none-eabi-size  01_LED2.elf 
   text	   data	    bss	    dec	    hex	filename
   6344	     76	   1572	   7992	   1f38	01_LED2.elf
Finished building: default.size.stdout
 
17:26:58 **** Incremental Build of configuration Debug for project 01_LED ****
make -j16 all 
arm-none-eabi-size  01_LED.elf 
   text	   data	    bss	    dec	    hex	filename
   6060	     12	   1572	   7644	   1ddc	01_LED.elf
Finished building: default.size.stdout
 
17:26:58 **** Incremental Build of configuration Debug for project 01_LED2 ****
make -j16 all 
arm-none-eabi-gcc "../Core/Src/led.c" -mcpu=cortex-m4 -std=gnu11 -g3 -DDEBUG -DUSE_HAL_DRIVER -DSTM32F411xE -c -I../Core/Inc -I../Drivers/STM32F4xx_HAL_Driver/Inc -I../Drivers/STM32F4xx_HAL_Driver/Inc/Legacy -I../Drivers/CMSIS/Device/ST/STM32F4xx/Include -I../Drivers/CMSIS/Include -O0 -ffunction-sections -fdata-sections -Wall -fstack-usage -fcyclomatic-complexity -MMD -MP -MF"Core/Src/led.d" -MT"Core/Src/led.o" --specs=nano.specs -mfpu=fpv4-sp-d16 -mfloat-abi=hard -mthumb -o "Core/Src/led.o"
../Core/Src/led.c: In function 'ledLeftShift':
../Core/Src/led.c:41:27: error: expected expression before '<' token
   41 |     for(uint8_t i = 0; i =< num; i++)
      |                           ^
../Core/Src/led.c:47:27: error: expected expression before '<' token
   47 |     for(uint8_t i = 0; i =< num; i++)
      |                           ^
make: *** [Core/Src/subdir.mk:40: Core/Src/led.o] Error 1
"make -j16 all" terminated with exit code 2. Build might be incomplete.
17:27:09 **** Incremental Build of configuration Debug for project 01_LED ****
make -j16 all 
arm-none-eabi-size  01_LED.elf 
   text	   data	    bss	    dec	    hex	filename
   6060	     12	   1572	   7644	   1ddc	01_LED.elf
Finished building: default.size.stdout
 
17:27:09 **** Incremental Build of configuration Debug for project 01_LED2 ****
make -j16 all 
arm-none-eabi-gcc "../Core/Src/led.c" -mcpu=cortex-m4 -std=gnu11 -g3 -DDEBUG -DUSE_HAL_DRIVER -DSTM32F411xE -c -I../Core/Inc -I../Drivers/STM32F4xx_HAL_Driver/Inc -I../Drivers/STM32F4xx_HAL_Driver/Inc/Legacy -I../Drivers/CMSIS/Device/ST/STM32F4xx/Include -I../Drivers/CMSIS/Include -O0 -ffunction-sections -fdata-sections -Wall -fstack-usage -fcyclomatic-complexity -MMD -MP -MF"Core/Src/led.d" -MT"Core/Src/led.o" --specs=nano.specs -mfpu=fpv4-sp-d16 -mfloat-abi=hard -mthumb -o "Core/Src/led.o"
arm-none-eabi-gcc -o "01_LED2.elf" @"objects.list"   -mcpu=cortex-m4 -T"/home/user12/workspace_ondevice_1/arm/01_LED2/STM32F411RETX_FLASH.ld" --specs=nosys.specs -Wl,-Map="01_LED2.map" -Wl,--gc-sections -static --specs=nano.specs -mfpu=fpv4-sp-d16 -mfloat-abi=hard -mthumb -Wl,--start-group -lc -lm -Wl,--end-group
Finished building target: 01_LED2.elf
 
arm-none-eabi-size  01_LED2.elf 
arm-none-eabi-objdump -h -S 01_LED2.elf  > "01_LED2.list"
   text	   data	    bss	    dec	    hex	filename
   6336	     76	   1572	   7984	   1f30	01_LED2.elf
Finished building: default.size.stdout
 
Finished building: 01_LED2.list
 
17:35:51 **** Incremental Build of configuration Debug for project 01_LED ****
make -j16 all 
arm-none-eabi-size  01_LED.elf 
   text	   data	    bss	    dec	    hex	filename
   6060	     12	   1572	   7644	   1ddc	01_LED.elf
Finished building: default.size.stdout
 
17:35:51 **** Incremental Build of configuration Debug for project 01_LED2 ****
make -j16 all 
arm-none-eabi-gcc "../Core/Src/led.c" -mcpu=cortex-m4 -std=gnu11 -g3 -DDEBUG -DUSE_HAL_DRIVER -DSTM32F411xE -c -I../Core/Inc -I../Drivers/STM32F4xx_HAL_Driver/Inc -I../Drivers/STM32F4xx_HAL_Driver/Inc/Legacy -I../Drivers/CMSIS/Device/ST/STM32F4xx/Include -I../Drivers/CMSIS/Include -O0 -ffunction-sections -fdata-sections -Wall -fstack-usage -fcyclomatic-complexity -MMD -MP -MF"Core/Src/led.d" -MT"Core/Src/led.o" --specs=nano.specs -mfpu=fpv4-sp-d16 -mfloat-abi=hard -mthumb -o "Core/Src/led.o"
arm-none-eabi-gcc "../Core/Src/main.c" -mcpu=cortex-m4 -std=gnu11 -g3 -DDEBUG -DUSE_HAL_DRIVER -DSTM32F411xE -c -I../Core/Inc -I../Drivers/STM32F4xx_HAL_Driver/Inc -I../Drivers/STM32F4xx_HAL_Driver/Inc/Legacy -I../Drivers/CMSIS/Device/ST/STM32F4xx/Include -I../Drivers/CMSIS/Include -O0 -ffunction-sections -fdata-sections -Wall -fstack-usage -fcyclomatic-complexity -MMD -MP -MF"Core/Src/main.d" -MT"Core/Src/main.o" --specs=nano.specs -mfpu=fpv4-sp-d16 -mfloat-abi=hard -mthumb -o "Core/Src/main.o"
arm-none-eabi-gcc -o "01_LED2.elf" @"objects.list"   -mcpu=cortex-m4 -T"/home/user12/workspace_ondevice_1/arm/01_LED2/STM32F411RETX_FLASH.ld" --specs=nosys.specs -Wl,-Map="01_LED2.map" -Wl,--gc-sections -static --specs=nano.specs -mfpu=fpv4-sp-d16 -mfloat-abi=hard -mthumb -Wl,--start-group -lc -lm -Wl,--end-group
Finished building target: 01_LED2.elf
 
arm-none-eabi-size  01_LED2.elf 
arm-none-eabi-objdump -h -S 01_LED2.elf  > "01_LED2.list"
   text	   data	    bss	    dec	    hex	filename
   6336	     76	   1572	   7984	   1f30	01_LED2.elf
Finished building: default.size.stdout
 
Finished building: 01_LED2.list
 
17:35:55 **** Incremental Build of configuration Debug for project 01_LED2 ****
make -j16 all 
arm-none-eabi-size  01_LED2.elf 
   text	   data	    bss	    dec	    hex	filename
   6336	     76	   1572	   7984	   1f30	01_LED2.elf
Finished building: default.size.stdout
 
18:28:54 **** Incremental Build of configuration Debug for project 01_LED ****
make -j16 all 
arm-none-eabi-size  01_LED.elf 
   text	   data	    bss	    dec	    hex	filename
   6060	     12	   1572	   7644	   1ddc	01_LED.elf
Finished building: default.size.stdout
 
18:28:54 **** Incremental Build of configuration Debug for project 01_LED2 ****
make -j16 all 
arm-none-eabi-gcc "../Core/Src/led.c" -mcpu=cortex-m4 -std=gnu11 -g3 -DDEBUG -DUSE_HAL_DRIVER -DSTM32F411xE -c -I../Core/Inc -I../Drivers/STM32F4xx_HAL_Driver/Inc -I../Drivers/STM32F4xx_HAL_Driver/Inc/Legacy -I../Drivers/CMSIS/Device/ST/STM32F4xx/Include -I../Drivers/CMSIS/Include -O0 -ffunction-sections -fdata-sections -Wall -fstack-usage -fcyclomatic-complexity -MMD -MP -MF"Core/Src/led.d" -MT"Core/Src/led.o" --specs=nano.specs -mfpu=fpv4-sp-d16 -mfloat-abi=hard -mthumb -o "Core/Src/led.o"
arm-none-eabi-gcc "../Core/Src/main.c" -mcpu=cortex-m4 -std=gnu11 -g3 -DDEBUG -DUSE_HAL_DRIVER -DSTM32F411xE -c -I../Core/Inc -I../Drivers/STM32F4xx_HAL_Driver/Inc -I../Drivers/STM32F4xx_HAL_Driver/Inc/Legacy -I../Drivers/CMSIS/Device/ST/STM32F4xx/Include -I../Drivers/CMSIS/Include -O0 -ffunction-sections -fdata-sections -Wall -fstack-usage -fcyclomatic-complexity -MMD -MP -MF"Core/Src/main.d" -MT"Core/Src/main.o" --specs=nano.specs -mfpu=fpv4-sp-d16 -mfloat-abi=hard -mthumb -o "Core/Src/main.o"
../Core/Src/main.c: In function 'ledLeftShift1':
../Core/Src/main.c:68:1: error: expected '=', ',', ';', 'asm' or '__attribute__' before '{' token
   68 | {
      | ^
../Core/Src/main.c:117:1: error: expected '=', ',', ';', 'asm' or '__attribute__' before '{' token
  117 | {
      | ^
../Core/Src/led.c: In function 'ledLeftShift1':
../Core/Src/main.c:166:1: error: expected '=', ',', ';', 'asm' or '__attribute__' before '{' token
  166 | {
      | ^
../Core/Src/led.c:5:1: error: parameter 'led' is initialized
    5 | {
      | ^
In file included from ../Core/Src/main.c:26:
../Core/Inc/led.h:24:6: error: old-style parameter declarations in prototyped function definition
   24 | void ledLeftShift1(uint8_t num, uint8_t k)
      |      ^~~~~~~~~~~~~
../Core/Src/led.c:5:1: error: variable-sized object may not be initialized except with an empty initializer
../Core/Src/main.c:192: error: expected '{' at end of input
../Core/Src/led.c:6:17: warning: braces around scalar initializer
    6 |                 {GPIOA,GPIO_PIN_5,GPIO_PIN_SET, GPIO_PIN_RESET},
      |                 ^
../Core/Src/led.c:6:17: note: (near initialization for 'led')
In file included from ../Drivers/CMSIS/Device/ST/STM32F4xx/Include/stm32f4xx.h:154,
                 from ../Drivers/STM32F4xx_HAL_Driver/Inc/stm32f4xx_hal_def.h:29,
                 from ../Drivers/STM32F4xx_HAL_Driver/Inc/stm32f4xx_hal_rcc.h:27,
                 from ../Core/Inc/stm32f4xx_hal_conf.h:275,
                 from ../Drivers/STM32F4xx_HAL_Driver/Inc/stm32f4xx_hal.h:29,
                 from ../Core/Inc/main.h:30,
                 from ../Core/Inc/led.h:5,
                 from ../Core/Src/led.c:1:
../Drivers/CMSIS/Device/ST/STM32F4xx/Include/stm32f411xe.h:782:29: warning: initialization of 'LED_CONTROL *' from incompatible pointer type 'GPIO_TypeDef *' [-Wincompatible-pointer-types]
  782 | #define GPIOA               ((GPIO_TypeDef *) GPIOA_BASE)
      |                             ^
../Core/Src/led.c:6:18: note: in expansion of macro 'GPIOA'
    6 |                 {GPIOA,GPIO_PIN_5,GPIO_PIN_SET, GPIO_PIN_RESET},
      |                  ^~~~~
../Drivers/CMSIS/Device/ST/STM32F4xx/Include/stm32f411xe.h:782:29: note: (near initialization for 'led')
  782 | #define GPIOA               ((GPIO_TypeDef *) GPIOA_BASE)
      |                             ^
../Core/Src/led.c:6:18: note: in expansion of macro 'GPIOA'
    6 |                 {GPIOA,GPIO_PIN_5,GPIO_PIN_SET, GPIO_PIN_RESET},
      |                  ^~~~~
In file included from ../Core/Inc/stm32f4xx_hal_conf.h:279:
../Drivers/STM32F4xx_HAL_Driver/Inc/stm32f4xx_hal_gpio.h:90:36: warning: excess elements in scalar initializer
   90 | #define GPIO_PIN_5                 ((uint16_t)0x0020)  /* Pin 5 selected    */
      |                                    ^
../Core/Src/led.c:6:24: note: in expansion of macro 'GPIO_PIN_5'
    6 |                 {GPIOA,GPIO_PIN_5,GPIO_PIN_SET, GPIO_PIN_RESET},
      |                        ^~~~~~~~~~
../Drivers/STM32F4xx_HAL_Driver/Inc/stm32f4xx_hal_gpio.h:90:36: note: (near initialization for 'led')
   90 | #define GPIO_PIN_5                 ((uint16_t)0x0020)  /* Pin 5 selected    */
      |                                    ^
../Core/Src/led.c:6:24: note: in expansion of macro 'GPIO_PIN_5'
    6 |                 {GPIOA,GPIO_PIN_5,GPIO_PIN_SET, GPIO_PIN_RESET},
      |                        ^~~~~~~~~~
../Core/Src/led.c:6:35: warning: excess elements in scalar initializer
    6 |                 {GPIOA,GPIO_PIN_5,GPIO_PIN_SET, GPIO_PIN_RESET},
      |                                   ^~~~~~~~~~~~
../Core/Src/led.c:6:35: note: (near initialization for 'led')
../Core/Src/led.c:6:49: warning: excess elements in scalar initializer
    6 |                 {GPIOA,GPIO_PIN_5,GPIO_PIN_SET, GPIO_PIN_RESET},
      |                                                 ^~~~~~~~~~~~~~
../Core/Src/led.c:6:49: note: (near initialization for 'led')
../Core/Src/led.c:7:17: warning: braces around scalar initializer
    7 |                 {GPIOA,GPIO_PIN_6,GPIO_PIN_SET, GPIO_PIN_RESET},
      |                 ^
../Core/Src/led.c:7:17: note: (near initialization for 'led')
../Drivers/CMSIS/Device/ST/STM32F4xx/Include/stm32f411xe.h:782:29: warning: initialization of 'LED_CONTROL *' from incompatible pointer type 'GPIO_TypeDef *' [-Wincompatible-pointer-types]
  782 | #define GPIOA               ((GPIO_TypeDef *) GPIOA_BASE)
      |                             ^
../Core/Src/led.c:7:18: note: in expansion of macro 'GPIOA'
    7 |                 {GPIOA,GPIO_PIN_6,GPIO_PIN_SET, GPIO_PIN_RESET},
      |                  ^~~~~
../Drivers/CMSIS/Device/ST/STM32F4xx/Include/stm32f411xe.h:782:29: note: (near initialization for 'led')
  782 | #define GPIOA               ((GPIO_TypeDef *) GPIOA_BASE)
      |                             ^
../Core/Src/led.c:7:18: note: in expansion of macro 'GPIOA'
    7 |                 {GPIOA,GPIO_PIN_6,GPIO_PIN_SET, GPIO_PIN_RESET},
      |                  ^~~~~
../Drivers/STM32F4xx_HAL_Driver/Inc/stm32f4xx_hal_gpio.h:91:36: warning: excess elements in scalar initializer
   91 | #define GPIO_PIN_6                 ((uint16_t)0x0040)  /* Pin 6 selected    */
      |                                    ^
../Core/Src/led.c:7:24: note: in expansion of macro 'GPIO_PIN_6'
    7 |                 {GPIOA,GPIO_PIN_6,GPIO_PIN_SET, GPIO_PIN_RESET},
      |                        ^~~~~~~~~~
../Drivers/STM32F4xx_HAL_Driver/Inc/stm32f4xx_hal_gpio.h:91:36: note: (near initialization for 'led')
   91 | #define GPIO_PIN_6                 ((uint16_t)0x0040)  /* Pin 6 selected    */
      |                                    ^
../Core/Src/led.c:7:24: note: in expansion of macro 'GPIO_PIN_6'
    7 |                 {GPIOA,GPIO_PIN_6,GPIO_PIN_SET, GPIO_PIN_RESET},
      |                        ^~~~~~~~~~
../Core/Src/led.c:7:35: warning: excess elements in scalar initializer
    7 |                 {GPIOA,GPIO_PIN_6,GPIO_PIN_SET, GPIO_PIN_RESET},
      |                                   ^~~~~~~~~~~~
../Core/Src/led.c:7:35: note: (near initialization for 'led')
../Core/Src/led.c:7:49: warning: excess elements in scalar initializer
    7 |                 {GPIOA,GPIO_PIN_6,GPIO_PIN_SET, GPIO_PIN_RESET},
      |                                                 ^~~~~~~~~~~~~~
../Core/Src/led.c:7:49: note: (near initialization for 'led')
../Core/Src/led.c:7:17: warning: excess elements in scalar initializer
    7 |                 {GPIOA,GPIO_PIN_6,GPIO_PIN_SET, GPIO_PIN_RESET},
      |                 ^
../Core/Src/led.c:7:17: note: (near initialization for 'led')
../Core/Src/led.c:8:17: warning: braces around scalar initializer
    8 |                 {GPIOA,GPIO_PIN_7,GPIO_PIN_SET, GPIO_PIN_RESET},
      |                 ^
../Core/Src/led.c:8:17: note: (near initialization for 'led')
../Drivers/CMSIS/Device/ST/STM32F4xx/Include/stm32f411xe.h:782:29: warning: initialization of 'LED_CONTROL *' from incompatible pointer type 'GPIO_TypeDef *' [-Wincompatible-pointer-types]
  782 | #define GPIOA               ((GPIO_TypeDef *) GPIOA_BASE)
      |                             ^
../Core/Src/led.c:8:18: note: in expansion of macro 'GPIOA'
    8 |                 {GPIOA,GPIO_PIN_7,GPIO_PIN_SET, GPIO_PIN_RESET},
      |                  ^~~~~
../Drivers/CMSIS/Device/ST/STM32F4xx/Include/stm32f411xe.h:782:29: note: (near initialization for 'led')
  782 | #define GPIOA               ((GPIO_TypeDef *) GPIOA_BASE)
      |                             ^
../Core/Src/led.c:8:18: note: in expansion of macro 'GPIOA'
    8 |                 {GPIOA,GPIO_PIN_7,GPIO_PIN_SET, GPIO_PIN_RESET},
      |                  ^~~~~
../Drivers/STM32F4xx_HAL_Driver/Inc/stm32f4xx_hal_gpio.h:92:36: warning: excess elements in scalar initializer
   92 | #define GPIO_PIN_7                 ((uint16_t)0x0080)  /* Pin 7 selected    */
      |                                    ^
../Core/Src/led.c:8:24: note: in expansion of macro 'GPIO_PIN_7'
    8 |                 {GPIOA,GPIO_PIN_7,GPIO_PIN_SET, GPIO_PIN_RESET},
      |                        ^~~~~~~~~~
../Drivers/STM32F4xx_HAL_Driver/Inc/stm32f4xx_hal_gpio.h:92:36: note: (near initialization for 'led')
   92 | #define GPIO_PIN_7                 ((uint16_t)0x0080)  /* Pin 7 selected    */
      |                                    ^
../Core/Src/led.c:8:24: note: in expansion of macro 'GPIO_PIN_7'
    8 |                 {GPIOA,GPIO_PIN_7,GPIO_PIN_SET, GPIO_PIN_RESET},
      |                        ^~~~~~~~~~
../Core/Src/led.c:8:35: warning: excess elements in scalar initializer
    8 |                 {GPIOA,GPIO_PIN_7,GPIO_PIN_SET, GPIO_PIN_RESET},
      |                                   ^~~~~~~~~~~~
../Core/Src/led.c:8:35: note: (near initialization for 'led')
../Core/Src/led.c:8:49: warning: excess elements in scalar initializer
    8 |                 {GPIOA,GPIO_PIN_7,GPIO_PIN_SET, GPIO_PIN_RESET},
      |                                                 ^~~~~~~~~~~~~~
../Core/Src/led.c:8:49: note: (near initialization for 'led')
../Core/Src/led.c:8:17: warning: excess elements in scalar initializer
    8 |                 {GPIOA,GPIO_PIN_7,GPIO_PIN_SET, GPIO_PIN_RESET},
      |                 ^
../Core/Src/led.c:8:17: note: (near initialization for 'led')
../Core/Src/led.c:9:17: warning: braces around scalar initializer
    9 |                 {GPIOB,GPIO_PIN_6,GPIO_PIN_SET, GPIO_PIN_RESET},
      |                 ^
../Core/Src/led.c:9:17: note: (near initialization for 'led')
../Drivers/CMSIS/Device/ST/STM32F4xx/Include/stm32f411xe.h:783:29: warning: initialization of 'LED_CONTROL *' from incompatible pointer type 'GPIO_TypeDef *' [-Wincompatible-pointer-types]
  783 | #define GPIOB               ((GPIO_TypeDef *) GPIOB_BASE)
      |                             ^
../Core/Src/led.c:9:18: note: in expansion of macro 'GPIOB'
    9 |                 {GPIOB,GPIO_PIN_6,GPIO_PIN_SET, GPIO_PIN_RESET},
      |                  ^~~~~
../Drivers/CMSIS/Device/ST/STM32F4xx/Include/stm32f411xe.h:783:29: note: (near initialization for 'led')
  783 | #define GPIOB               ((GPIO_TypeDef *) GPIOB_BASE)
      |                             ^
../Core/Src/led.c:9:18: note: in expansion of macro 'GPIOB'
    9 |                 {GPIOB,GPIO_PIN_6,GPIO_PIN_SET, GPIO_PIN_RESET},
      |                  ^~~~~
../Drivers/STM32F4xx_HAL_Driver/Inc/stm32f4xx_hal_gpio.h:91:36: warning: excess elements in scalar initializer
   91 | #define GPIO_PIN_6                 ((uint16_t)0x0040)  /* Pin 6 selected    */
      |                                    ^
../Core/Src/led.c:9:24: note: in expansion of macro 'GPIO_PIN_6'
    9 |                 {GPIOB,GPIO_PIN_6,GPIO_PIN_SET, GPIO_PIN_RESET},
      |                        ^~~~~~~~~~
../Drivers/STM32F4xx_HAL_Driver/Inc/stm32f4xx_hal_gpio.h:91:36: note: (near initialization for 'led')
   91 | #define GPIO_PIN_6                 ((uint16_t)0x0040)  /* Pin 6 selected    */
      |                                    ^
../Core/Src/led.c:9:24: note: in expansion of macro 'GPIO_PIN_6'
    9 |                 {GPIOB,GPIO_PIN_6,GPIO_PIN_SET, GPIO_PIN_RESET},
      |                        ^~~~~~~~~~
../Core/Src/led.c:9:35: warning: excess elements in scalar initializer
    9 |                 {GPIOB,GPIO_PIN_6,GPIO_PIN_SET, GPIO_PIN_RESET},
      |                                   ^~~~~~~~~~~~
../Core/Src/led.c:9:35: note: (near initialization for 'led')
../Core/Src/led.c:9:49: warning: excess elements in scalar initializer
    9 |                 {GPIOB,GPIO_PIN_6,GPIO_PIN_SET, GPIO_PIN_RESET},
      |                                                 ^~~~~~~~~~~~~~
../Core/Src/led.c:9:49: note: (near initialization for 'led')
../Core/Src/led.c:9:17: warning: excess elements in scalar initializer
    9 |                 {GPIOB,GPIO_PIN_6,GPIO_PIN_SET, GPIO_PIN_RESET},
      |                 ^
../Core/Src/led.c:9:17: note: (near initialization for 'led')
../Core/Src/led.c:10:17: warning: braces around scalar initializer
   10 |                 {GPIOC,GPIO_PIN_7,GPIO_PIN_SET, GPIO_PIN_RESET},
      |                 ^
../Core/Src/led.c:10:17: note: (near initialization for 'led')
../Drivers/CMSIS/Device/ST/STM32F4xx/Include/stm32f411xe.h:784:29: warning: initialization of 'LED_CONTROL *' from incompatible pointer type 'GPIO_TypeDef *' [-Wincompatible-pointer-types]
  784 | #define GPIOC               ((GPIO_TypeDef *) GPIOC_BASE)
      |                             ^
../Core/Src/led.c:10:18: note: in expansion of macro 'GPIOC'
   10 |                 {GPIOC,GPIO_PIN_7,GPIO_PIN_SET, GPIO_PIN_RESET},
      |                  ^~~~~
../Drivers/CMSIS/Device/ST/STM32F4xx/Include/stm32f411xe.h:784:29: note: (near initialization for 'led')
  784 | #define GPIOC               ((GPIO_TypeDef *) GPIOC_BASE)
      |                             ^
../Core/Src/led.c:10:18: note: in expansion of macro 'GPIOC'
   10 |                 {GPIOC,GPIO_PIN_7,GPIO_PIN_SET, GPIO_PIN_RESET},
      |                  ^~~~~
../Drivers/STM32F4xx_HAL_Driver/Inc/stm32f4xx_hal_gpio.h:92:36: warning: excess elements in scalar initializer
   92 | #define GPIO_PIN_7                 ((uint16_t)0x0080)  /* Pin 7 selected    */
      |                                    ^
../Core/Src/led.c:10:24: note: in expansion of macro 'GPIO_PIN_7'
   10 |                 {GPIOC,GPIO_PIN_7,GPIO_PIN_SET, GPIO_PIN_RESET},
      |                        ^~~~~~~~~~
../Drivers/STM32F4xx_HAL_Driver/Inc/stm32f4xx_hal_gpio.h:92:36: note: (near initialization for 'led')
   92 | #define GPIO_PIN_7                 ((uint16_t)0x0080)  /* Pin 7 selected    */
      |                                    ^
../Core/Src/led.c:10:24: note: in expansion of macro 'GPIO_PIN_7'
   10 |                 {GPIOC,GPIO_PIN_7,GPIO_PIN_SET, GPIO_PIN_RESET},
      |                        ^~~~~~~~~~
../Core/Src/led.c:10:35: warning: excess elements in scalar initializer
   10 |                 {GPIOC,GPIO_PIN_7,GPIO_PIN_SET, GPIO_PIN_RESET},
      |                                   ^~~~~~~~~~~~
../Core/Src/led.c:10:35: note: (near initialization for 'led')
../Core/Src/led.c:10:49: warning: excess elements in scalar initializer
   10 |                 {GPIOC,GPIO_PIN_7,GPIO_PIN_SET, GPIO_PIN_RESET},
      |                                                 ^~~~~~~~~~~~~~
../Core/Src/led.c:10:49: note: (near initialization for 'led')
../Core/Src/led.c:10:17: warning: excess elements in scalar initializer
   10 |                 {GPIOC,GPIO_PIN_7,GPIO_PIN_SET, GPIO_PIN_RESET},
      |                 ^
../Core/Src/led.c:10:17: note: (near initialization for 'led')
../Core/Src/led.c:11:17: warning: braces around scalar initializer
   11 |                 {GPIOA,GPIO_PIN_9,GPIO_PIN_SET, GPIO_PIN_RESET},
      |                 ^
../Core/Src/led.c:11:17: note: (near initialization for 'led')
../Drivers/CMSIS/Device/ST/STM32F4xx/Include/stm32f411xe.h:782:29: warning: initialization of 'LED_CONTROL *' from incompatible pointer type 'GPIO_TypeDef *' [-Wincompatible-pointer-types]
  782 | #define GPIOA               ((GPIO_TypeDef *) GPIOA_BASE)
      |                             ^
../Core/Src/led.c:11:18: note: in expansion of macro 'GPIOA'
   11 |                 {GPIOA,GPIO_PIN_9,GPIO_PIN_SET, GPIO_PIN_RESET},
      |                  ^~~~~
../Drivers/CMSIS/Device/ST/STM32F4xx/Include/stm32f411xe.h:782:29: note: (near initialization for 'led')
  782 | #define GPIOA               ((GPIO_TypeDef *) GPIOA_BASE)
      |                             ^
../Core/Src/led.c:11:18: note: in expansion of macro 'GPIOA'
   11 |                 {GPIOA,GPIO_PIN_9,GPIO_PIN_SET, GPIO_PIN_RESET},
      |                  ^~~~~
../Drivers/STM32F4xx_HAL_Driver/Inc/stm32f4xx_hal_gpio.h:94:36: warning: excess elements in scalar initializer
   94 | #define GPIO_PIN_9                 ((uint16_t)0x0200)  /* Pin 9 selected    */
      |                                    ^
../Core/Src/led.c:11:24: note: in expansion of macro 'GPIO_PIN_9'
   11 |                 {GPIOA,GPIO_PIN_9,GPIO_PIN_SET, GPIO_PIN_RESET},
      |                        ^~~~~~~~~~
../Drivers/STM32F4xx_HAL_Driver/Inc/stm32f4xx_hal_gpio.h:94:36: note: (near initialization for 'led')
   94 | #define GPIO_PIN_9                 ((uint16_t)0x0200)  /* Pin 9 selected    */
      |                                    ^
../Core/Src/led.c:11:24: note: in expansion of macro 'GPIO_PIN_9'
   11 |                 {GPIOA,GPIO_PIN_9,GPIO_PIN_SET, GPIO_PIN_RESET},
      |                        ^~~~~~~~~~
../Core/Src/led.c:11:35: warning: excess elements in scalar initializer
   11 |                 {GPIOA,GPIO_PIN_9,GPIO_PIN_SET, GPIO_PIN_RESET},
      |                                   ^~~~~~~~~~~~
../Core/Src/led.c:11:35: note: (near initialization for 'led')
../Core/Src/led.c:11:49: warning: excess elements in scalar initializer
   11 |                 {GPIOA,GPIO_PIN_9,GPIO_PIN_SET, GPIO_PIN_RESET},
      |                                                 ^~~~~~~~~~~~~~
../Core/Src/led.c:11:49: note: (near initialization for 'led')
../Core/Src/led.c:11:17: warning: excess elements in scalar initializer
   11 |                 {GPIOA,GPIO_PIN_9,GPIO_PIN_SET, GPIO_PIN_RESET},
      |                 ^
../Core/Src/led.c:11:17: note: (near initialization for 'led')
../Core/Src/led.c:12:17: warning: braces around scalar initializer
   12 |                 {GPIOA,GPIO_PIN_8,GPIO_PIN_SET, GPIO_PIN_RESET},
      |                 ^
../Core/Src/led.c:12:17: note: (near initialization for 'led')
../Drivers/CMSIS/Device/ST/STM32F4xx/Include/stm32f411xe.h:782:29: warning: initialization of 'LED_CONTROL *' from incompatible pointer type 'GPIO_TypeDef *' [-Wincompatible-pointer-types]
  782 | #define GPIOA               ((GPIO_TypeDef *) GPIOA_BASE)
      |                             ^
../Core/Src/led.c:12:18: note: in expansion of macro 'GPIOA'
   12 |                 {GPIOA,GPIO_PIN_8,GPIO_PIN_SET, GPIO_PIN_RESET},
      |                  ^~~~~
../Drivers/CMSIS/Device/ST/STM32F4xx/Include/stm32f411xe.h:782:29: note: (near initialization for 'led')
  782 | #define GPIOA               ((GPIO_TypeDef *) GPIOA_BASE)
      |                             ^
../Core/Src/led.c:12:18: note: in expansion of macro 'GPIOA'
   12 |                 {GPIOA,GPIO_PIN_8,GPIO_PIN_SET, GPIO_PIN_RESET},
      |                  ^~~~~
../Drivers/STM32F4xx_HAL_Driver/Inc/stm32f4xx_hal_gpio.h:93:36: warning: excess elements in scalar initializer
   93 | #define GPIO_PIN_8                 ((uint16_t)0x0100)  /* Pin 8 selected    */
      |                                    ^
../Core/Src/led.c:12:24: note: in expansion of macro 'GPIO_PIN_8'
   12 |                 {GPIOA,GPIO_PIN_8,GPIO_PIN_SET, GPIO_PIN_RESET},
      |                        ^~~~~~~~~~
../Drivers/STM32F4xx_HAL_Driver/Inc/stm32f4xx_hal_gpio.h:93:36: note: (near initialization for 'led')
   93 | #define GPIO_PIN_8                 ((uint16_t)0x0100)  /* Pin 8 selected    */
      |                                    ^
../Core/Src/led.c:12:24: note: in expansion of macro 'GPIO_PIN_8'
   12 |                 {GPIOA,GPIO_PIN_8,GPIO_PIN_SET, GPIO_PIN_RESET},
      |                        ^~~~~~~~~~
../Core/Src/led.c:12:35: warning: excess elements in scalar initializer
   12 |                 {GPIOA,GPIO_PIN_8,GPIO_PIN_SET, GPIO_PIN_RESET},
      |                                   ^~~~~~~~~~~~
../Core/Src/led.c:12:35: note: (near initialization for 'led')
../Core/Src/led.c:12:49: warning: excess elements in scalar initializer
   12 |                 {GPIOA,GPIO_PIN_8,GPIO_PIN_SET, GPIO_PIN_RESET},
      |                                                 ^~~~~~~~~~~~~~
../Core/Src/led.c:12:49: note: (near initialization for 'led')
../Core/Src/led.c:12:17: warning: excess elements in scalar initializer
   12 |                 {GPIOA,GPIO_PIN_8,GPIO_PIN_SET, GPIO_PIN_RESET},
      |                 ^
../Core/Src/led.c:12:17: note: (near initialization for 'led')
../Core/Src/led.c:13:17: warning: braces around scalar initializer
   13 |                 {GPIOB,GPIO_PIN_10,GPIO_PIN_SET, GPIO_PIN_RESET}
      |                 ^
../Core/Src/led.c:13:17: note: (near initialization for 'led')
../Drivers/CMSIS/Device/ST/STM32F4xx/Include/stm32f411xe.h:783:29: warning: initialization of 'LED_CONTROL *' from incompatible pointer type 'GPIO_TypeDef *' [-Wincompatible-pointer-types]
  783 | #define GPIOB               ((GPIO_TypeDef *) GPIOB_BASE)
      |                             ^
../Core/Src/led.c:13:18: note: in expansion of macro 'GPIOB'
   13 |                 {GPIOB,GPIO_PIN_10,GPIO_PIN_SET, GPIO_PIN_RESET}
      |                  ^~~~~
../Drivers/CMSIS/Device/ST/STM32F4xx/Include/stm32f411xe.h:783:29: note: (near initialization for 'led')
  783 | #define GPIOB               ((GPIO_TypeDef *) GPIOB_BASE)
      |                             ^
../Core/Src/led.c:13:18: note: in expansion of macro 'GPIOB'
   13 |                 {GPIOB,GPIO_PIN_10,GPIO_PIN_SET, GPIO_PIN_RESET}
      |                  ^~~~~
../Drivers/STM32F4xx_HAL_Driver/Inc/stm32f4xx_hal_gpio.h:95:36: warning: excess elements in scalar initializer
   95 | #define GPIO_PIN_10                ((uint16_t)0x0400)  /* Pin 10 selected   */
      |                                    ^
../Core/Src/led.c:13:24: note: in expansion of macro 'GPIO_PIN_10'
   13 |                 {GPIOB,GPIO_PIN_10,GPIO_PIN_SET, GPIO_PIN_RESET}
      |                        ^~~~~~~~~~~
../Drivers/STM32F4xx_HAL_Driver/Inc/stm32f4xx_hal_gpio.h:95:36: note: (near initialization for 'led')
   95 | #define GPIO_PIN_10                ((uint16_t)0x0400)  /* Pin 10 selected   */
      |                                    ^
../Core/Src/led.c:13:24: note: in expansion of macro 'GPIO_PIN_10'
   13 |                 {GPIOB,GPIO_PIN_10,GPIO_PIN_SET, GPIO_PIN_RESET}
      |                        ^~~~~~~~~~~
../Core/Src/led.c:13:36: warning: excess elements in scalar initializer
   13 |                 {GPIOB,GPIO_PIN_10,GPIO_PIN_SET, GPIO_PIN_RESET}
      |                                    ^~~~~~~~~~~~
../Core/Src/led.c:13:36: note: (near initialization for 'led')
../Core/Src/led.c:13:50: warning: excess elements in scalar initializer
   13 |                 {GPIOB,GPIO_PIN_10,GPIO_PIN_SET, GPIO_PIN_RESET}
      |                                                  ^~~~~~~~~~~~~~
../Core/Src/led.c:13:50: note: (near initialization for 'led')
../Core/Src/led.c:13:17: warning: excess elements in scalar initializer
   13 |                 {GPIOB,GPIO_PIN_10,GPIO_PIN_SET, GPIO_PIN_RESET}
      |                 ^
../Core/Src/led.c:13:17: note: (near initialization for 'led')
../Core/Src/led.c:17:1: error: expected '=', ',', ';', 'asm' or '__attribute__' before '{' token
   17 | {
      | ^
../Core/Src/led.c:21:1: error: expected '=', ',', ';', 'asm' or '__attribute__' before '{' token
   21 | {
      | ^
../Core/Src/led.c:27:1: error: expected '=', ',', ';', 'asm' or '__attribute__' before '{' token
   27 | {
      | ^
../Core/Src/led.c:35:1: error: expected '=', ',', ';', 'asm' or '__attribute__' before '{' token
   35 | {
      | ^
../Core/Src/led.c:42:1: error: expected '=', ',', ';', 'asm' or '__attribute__' before '{' token
   42 | {
      | ^
../Core/Src/led.c:48:1: error: expected '=', ',', ';', 'asm' or '__attribute__' before '{' token
   48 | {
      | ^
../Core/Src/led.c:62:1: error: expected '=', ',', ';', 'asm' or '__attribute__' before '{' token
   62 | {
      | ^
../Core/Src/led.c:90:1: error: expected '=', ',', ';', 'asm' or '__attribute__' before '{' token
   90 | {
      | ^
../Core/Src/led.c:104:1: error: expected '=', ',', ';', 'asm' or '__attribute__' before '{' token
  104 | {
      | ^
../Core/Inc/led.h:24:6: error: old-style parameter declarations in prototyped function definition
   24 | void ledLeftShift1(uint8_t num, uint8_t k)
      |      ^~~~~~~~~~~~~
../Core/Src/led.c:107: error: expected '{' at end of input
make: *** [Core/Src/subdir.mk:40: Core/Src/main.o] Error 1
make: *** Waiting for unfinished jobs....
make: *** [Core/Src/subdir.mk:40: Core/Src/led.o] Error 1
"make -j16 all" terminated with exit code 2. Build might be incomplete.
18:29:13 **** Incremental Build of configuration Debug for project 01_LED ****
make -j16 all 
arm-none-eabi-size  01_LED.elf 
   text	   data	    bss	    dec	    hex	filename
   6060	     12	   1572	   7644	   1ddc	01_LED.elf
Finished building: default.size.stdout
 
18:29:13 **** Incremental Build of configuration Debug for project 01_LED2 ****
make -j16 all 
arm-none-eabi-gcc "../Core/Src/led.c" -mcpu=cortex-m4 -std=gnu11 -g3 -DDEBUG -DUSE_HAL_DRIVER -DSTM32F411xE -c -I../Core/Inc -I../Drivers/STM32F4xx_HAL_Driver/Inc -I../Drivers/STM32F4xx_HAL_Driver/Inc/Legacy -I../Drivers/CMSIS/Device/ST/STM32F4xx/Include -I../Drivers/CMSIS/Include -O0 -ffunction-sections -fdata-sections -Wall -fstack-usage -fcyclomatic-complexity -MMD -MP -MF"Core/Src/led.d" -MT"Core/Src/led.o" --specs=nano.specs -mfpu=fpv4-sp-d16 -mfloat-abi=hard -mthumb -o "Core/Src/led.o"
arm-none-eabi-gcc "../Core/Src/main.c" -mcpu=cortex-m4 -std=gnu11 -g3 -DDEBUG -DUSE_HAL_DRIVER -DSTM32F411xE -c -I../Core/Inc -I../Drivers/STM32F4xx_HAL_Driver/Inc -I../Drivers/STM32F4xx_HAL_Driver/Inc/Legacy -I../Drivers/CMSIS/Device/ST/STM32F4xx/Include -I../Drivers/CMSIS/Include -O0 -ffunction-sections -fdata-sections -Wall -fstack-usage -fcyclomatic-complexity -MMD -MP -MF"Core/Src/main.d" -MT"Core/Src/main.o" --specs=nano.specs -mfpu=fpv4-sp-d16 -mfloat-abi=hard -mthumb -o "Core/Src/main.o"
../Core/Src/led.c: In function 'ledLeftShift1':
../Core/Src/led.c:65:21: warning: suggest parentheses around assignment used as truth value [-Wparentheses]
   65 |                  if(led[i].onState = 1)
      |                     ^~~
../Core/Src/led.c:70:40: error: subscripted value is neither array nor pointer nor vector
   70 |                                  led1On[i+k];
      |                                        ^
../Core/Src/led.c:71:41: error: subscripted value is neither array nor pointer nor vector
   71 |                                  led1Off[i];
      |                                         ^
../Core/Src/led.c:76:40: error: subscripted value is neither array nor pointer nor vector
   76 |                                  led1On[i+k-num];
      |                                        ^
../Core/Src/led.c:77:41: error: subscripted value is neither array nor pointer nor vector
   77 |                                  led1Off[i];
      |                                         ^
make: *** [Core/Src/subdir.mk:40: Core/Src/led.o] Error 1
make: *** Waiting for unfinished jobs....
"make -j16 all" terminated with exit code 2. Build might be incomplete.
18:34:14 **** Incremental Build of configuration Debug for project 01_LED ****
make -j16 all 
arm-none-eabi-size  01_LED.elf 
   text	   data	    bss	    dec	    hex	filename
   6060	     12	   1572	   7644	   1ddc	01_LED.elf
Finished building: default.size.stdout
 
18:34:14 **** Incremental Build of configuration Debug for project 01_LED2 ****
make -j16 all 
arm-none-eabi-gcc "../Core/Src/led.c" -mcpu=cortex-m4 -std=gnu11 -g3 -DDEBUG -DUSE_HAL_DRIVER -DSTM32F411xE -c -I../Core/Inc -I../Drivers/STM32F4xx_HAL_Driver/Inc -I../Drivers/STM32F4xx_HAL_Driver/Inc/Legacy -I../Drivers/CMSIS/Device/ST/STM32F4xx/Include -I../Drivers/CMSIS/Include -O0 -ffunction-sections -fdata-sections -Wall -fstack-usage -fcyclomatic-complexity -MMD -MP -MF"Core/Src/led.d" -MT"Core/Src/led.o" --specs=nano.specs -mfpu=fpv4-sp-d16 -mfloat-abi=hard -mthumb -o "Core/Src/led.o"
arm-none-eabi-gcc -o "01_LED2.elf" @"objects.list"   -mcpu=cortex-m4 -T"/home/user12/workspace_ondevice_1/arm/01_LED2/STM32F411RETX_FLASH.ld" --specs=nosys.specs -Wl,-Map="01_LED2.map" -Wl,--gc-sections -static --specs=nano.specs -mfpu=fpv4-sp-d16 -mfloat-abi=hard -mthumb -Wl,--start-group -lc -lm -Wl,--end-group
Finished building target: 01_LED2.elf
 
arm-none-eabi-size  01_LED2.elf 
arm-none-eabi-objdump -h -S 01_LED2.elf  > "01_LED2.list"
   text	   data	    bss	    dec	    hex	filename
   6356	     76	   1572	   8004	   1f44	01_LED2.elf
Finished building: default.size.stdout
 
Finished building: 01_LED2.list
 
18:34:22 **** Incremental Build of configuration Debug for project 01_LED2 ****
make -j16 all 
arm-none-eabi-size  01_LED2.elf 
   text	   data	    bss	    dec	    hex	filename
   6356	     76	   1572	   8004	   1f44	01_LED2.elf
Finished building: default.size.stdout
 
18:34:35 **** Incremental Build of configuration Debug for project 01_LED2 ****
make -j16 all 
arm-none-eabi-size  01_LED2.elf 
   text	   data	    bss	    dec	    hex	filename
   6356	     76	   1572	   8004	   1f44	01_LED2.elf
Finished building: default.size.stdout
 
18:35:28 **** Incremental Build of configuration Debug for project 01_LED2 ****
make -j16 all 
arm-none-eabi-size  01_LED2.elf 
   text	   data	    bss	    dec	    hex	filename
   6356	     76	   1572	   8004	   1f44	01_LED2.elf
Finished building: default.size.stdout
 
18:36:04 **** Incremental Build of configuration Debug for project 01_LED ****
make -j16 all 
arm-none-eabi-size  01_LED.elf 
   text	   data	    bss	    dec	    hex	filename
   6060	     12	   1572	   7644	   1ddc	01_LED.elf
Finished building: default.size.stdout
 
18:36:04 **** Incremental Build of configuration Debug for project 01_LED2 ****
make -j16 all 
arm-none-eabi-gcc "../Core/Src/led.c" -mcpu=cortex-m4 -std=gnu11 -g3 -DDEBUG -DUSE_HAL_DRIVER -DSTM32F411xE -c -I../Core/Inc -I../Drivers/STM32F4xx_HAL_Driver/Inc -I../Drivers/STM32F4xx_HAL_Driver/Inc/Legacy -I../Drivers/CMSIS/Device/ST/STM32F4xx/Include -I../Drivers/CMSIS/Include -O0 -ffunction-sections -fdata-sections -Wall -fstack-usage -fcyclomatic-complexity -MMD -MP -MF"Core/Src/led.d" -MT"Core/Src/led.o" --specs=nano.specs -mfpu=fpv4-sp-d16 -mfloat-abi=hard -mthumb -o "Core/Src/led.o"
arm-none-eabi-gcc -o "01_LED2.elf" @"objects.list"   -mcpu=cortex-m4 -T"/home/user12/workspace_ondevice_1/arm/01_LED2/STM32F411RETX_FLASH.ld" --specs=nosys.specs -Wl,-Map="01_LED2.map" -Wl,--gc-sections -static --specs=nano.specs -mfpu=fpv4-sp-d16 -mfloat-abi=hard -mthumb -Wl,--start-group -lc -lm -Wl,--end-group
Finished building target: 01_LED2.elf
 
arm-none-eabi-size  01_LED2.elf 
arm-none-eabi-objdump -h -S 01_LED2.elf  > "01_LED2.list"
   text	   data	    bss	    dec	    hex	filename
   6356	     76	   1572	   8004	   1f44	01_LED2.elf
Finished building: default.size.stdout
 
Finished building: 01_LED2.list
 
18:36:07 **** Incremental Build of configuration Debug for project 01_LED2 ****
make -j16 all 
arm-none-eabi-size  01_LED2.elf 
   text	   data	    bss	    dec	    hex	filename
   6356	     76	   1572	   8004	   1f44	01_LED2.elf
Finished building: default.size.stdout
 
18:36:25 **** Incremental Build of configuration Debug for project 01_LED ****
make -j16 all 
arm-none-eabi-size  01_LED.elf 
   text	   data	    bss	    dec	    hex	filename
   6060	     12	   1572	   7644	   1ddc	01_LED.elf
Finished building: default.size.stdout
 
18:36:26 **** Incremental Build of configuration Debug for project 01_LED2 ****
make -j16 all 
arm-none-eabi-gcc "../Core/Src/led.c" -mcpu=cortex-m4 -std=gnu11 -g3 -DDEBUG -DUSE_HAL_DRIVER -DSTM32F411xE -c -I../Core/Inc -I../Drivers/STM32F4xx_HAL_Driver/Inc -I../Drivers/STM32F4xx_HAL_Driver/Inc/Legacy -I../Drivers/CMSIS/Device/ST/STM32F4xx/Include -I../Drivers/CMSIS/Include -O0 -ffunction-sections -fdata-sections -Wall -fstack-usage -fcyclomatic-complexity -MMD -MP -MF"Core/Src/led.d" -MT"Core/Src/led.o" --specs=nano.specs -mfpu=fpv4-sp-d16 -mfloat-abi=hard -mthumb -o "Core/Src/led.o"
arm-none-eabi-gcc -o "01_LED2.elf" @"objects.list"   -mcpu=cortex-m4 -T"/home/user12/workspace_ondevice_1/arm/01_LED2/STM32F411RETX_FLASH.ld" --specs=nosys.specs -Wl,-Map="01_LED2.map" -Wl,--gc-sections -static --specs=nano.specs -mfpu=fpv4-sp-d16 -mfloat-abi=hard -mthumb -Wl,--start-group -lc -lm -Wl,--end-group
Finished building target: 01_LED2.elf
 
arm-none-eabi-size  01_LED2.elf 
arm-none-eabi-objdump -h -S 01_LED2.elf  > "01_LED2.list"
   text	   data	    bss	    dec	    hex	filename
   6356	     76	   1572	   8004	   1f44	01_LED2.elf
Finished building: default.size.stdout
 
Finished building: 01_LED2.list
 
18:36:27 **** Incremental Build of configuration Debug for project 01_LED2 ****
make -j16 all 
arm-none-eabi-size  01_LED2.elf 
   text	   data	    bss	    dec	    hex	filename
   6356	     76	   1572	   8004	   1f44	01_LED2.elf
Finished building: default.size.stdout
 
18:37:42 **** Incremental Build of configuration Debug for project 01_LED ****
make -j16 all 
arm-none-eabi-size  01_LED.elf 
   text	   data	    bss	    dec	    hex	filename
   6060	     12	   1572	   7644	   1ddc	01_LED.elf
Finished building: default.size.stdout
 
18:37:42 **** Incremental Build of configuration Debug for project 01_LED2 ****
make -j16 all 
arm-none-eabi-gcc "../Core/Src/main.c" -mcpu=cortex-m4 -std=gnu11 -g3 -DDEBUG -DUSE_HAL_DRIVER -DSTM32F411xE -c -I../Core/Inc -I../Drivers/STM32F4xx_HAL_Driver/Inc -I../Drivers/STM32F4xx_HAL_Driver/Inc/Legacy -I../Drivers/CMSIS/Device/ST/STM32F4xx/Include -I../Drivers/CMSIS/Include -O0 -ffunction-sections -fdata-sections -Wall -fstack-usage -fcyclomatic-complexity -MMD -MP -MF"Core/Src/main.d" -MT"Core/Src/main.o" --specs=nano.specs -mfpu=fpv4-sp-d16 -mfloat-abi=hard -mthumb -o "Core/Src/main.o"
arm-none-eabi-gcc -o "01_LED2.elf" @"objects.list"   -mcpu=cortex-m4 -T"/home/user12/workspace_ondevice_1/arm/01_LED2/STM32F411RETX_FLASH.ld" --specs=nosys.specs -Wl,-Map="01_LED2.map" -Wl,--gc-sections -static --specs=nano.specs -mfpu=fpv4-sp-d16 -mfloat-abi=hard -mthumb -Wl,--start-group -lc -lm -Wl,--end-group
Finished building target: 01_LED2.elf
 
arm-none-eabi-size  01_LED2.elf 
arm-none-eabi-objdump -h -S 01_LED2.elf  > "01_LED2.list"
   text	   data	    bss	    dec	    hex	filename
   6364	     76	   1572	   8012	   1f4c	01_LED2.elf
Finished building: default.size.stdout
 
Finished building: 01_LED2.list
 
18:37:43 **** Incremental Build of configuration Debug for project 01_LED2 ****
make -j16 all 
arm-none-eabi-size  01_LED2.elf 
   text	   data	    bss	    dec	    hex	filename
   6364	     76	   1572	   8012	   1f4c	01_LED2.elf
Finished building: default.size.stdout
 
18:40:13 **** Incremental Build of configuration Debug for project 01_LED ****
make -j16 all 
arm-none-eabi-size  01_LED.elf 
   text	   data	    bss	    dec	    hex	filename
   6060	     12	   1572	   7644	   1ddc	01_LED.elf
Finished building: default.size.stdout
 
18:40:13 **** Incremental Build of configuration Debug for project 01_LED2 ****
make -j16 all 
arm-none-eabi-gcc "../Core/Src/led.c" -mcpu=cortex-m4 -std=gnu11 -g3 -DDEBUG -DUSE_HAL_DRIVER -DSTM32F411xE -c -I../Core/Inc -I../Drivers/STM32F4xx_HAL_Driver/Inc -I../Drivers/STM32F4xx_HAL_Driver/Inc/Legacy -I../Drivers/CMSIS/Device/ST/STM32F4xx/Include -I../Drivers/CMSIS/Include -O0 -ffunction-sections -fdata-sections -Wall -fstack-usage -fcyclomatic-complexity -MMD -MP -MF"Core/Src/led.d" -MT"Core/Src/led.o" --specs=nano.specs -mfpu=fpv4-sp-d16 -mfloat-abi=hard -mthumb -o "Core/Src/led.o"
arm-none-eabi-gcc -o "01_LED2.elf" @"objects.list"   -mcpu=cortex-m4 -T"/home/user12/workspace_ondevice_1/arm/01_LED2/STM32F411RETX_FLASH.ld" --specs=nosys.specs -Wl,-Map="01_LED2.map" -Wl,--gc-sections -static --specs=nano.specs -mfpu=fpv4-sp-d16 -mfloat-abi=hard -mthumb -Wl,--start-group -lc -lm -Wl,--end-group
Finished building target: 01_LED2.elf
 
arm-none-eabi-size  01_LED2.elf 
arm-none-eabi-objdump -h -S 01_LED2.elf  > "01_LED2.list"
   text	   data	    bss	    dec	    hex	filename
   6364	     76	   1572	   8012	   1f4c	01_LED2.elf
Finished building: default.size.stdout
 
Finished building: 01_LED2.list
 
18:40:15 **** Incremental Build of configuration Debug for project 01_LED2 ****
make -j16 all 
arm-none-eabi-size  01_LED2.elf 
   text	   data	    bss	    dec	    hex	filename
   6364	     76	   1572	   8012	   1f4c	01_LED2.elf
Finished building: default.size.stdout
 
18:42:35 **** Incremental Build of configuration Debug for project 01_LED ****
make -j16 all 
arm-none-eabi-size  01_LED.elf 
   text	   data	    bss	    dec	    hex	filename
   6060	     12	   1572	   7644	   1ddc	01_LED.elf
Finished building: default.size.stdout
 
18:42:35 **** Incremental Build of configuration Debug for project 01_LED2 ****
make -j16 all 
arm-none-eabi-gcc "../Core/Src/led.c" -mcpu=cortex-m4 -std=gnu11 -g3 -DDEBUG -DUSE_HAL_DRIVER -DSTM32F411xE -c -I../Core/Inc -I../Drivers/STM32F4xx_HAL_Driver/Inc -I../Drivers/STM32F4xx_HAL_Driver/Inc/Legacy -I../Drivers/CMSIS/Device/ST/STM32F4xx/Include -I../Drivers/CMSIS/Include -O0 -ffunction-sections -fdata-sections -Wall -fstack-usage -fcyclomatic-complexity -MMD -MP -MF"Core/Src/led.d" -MT"Core/Src/led.o" --specs=nano.specs -mfpu=fpv4-sp-d16 -mfloat-abi=hard -mthumb -o "Core/Src/led.o"
arm-none-eabi-gcc -o "01_LED2.elf" @"objects.list"   -mcpu=cortex-m4 -T"/home/user12/workspace_ondevice_1/arm/01_LED2/STM32F411RETX_FLASH.ld" --specs=nosys.specs -Wl,-Map="01_LED2.map" -Wl,--gc-sections -static --specs=nano.specs -mfpu=fpv4-sp-d16 -mfloat-abi=hard -mthumb -Wl,--start-group -lc -lm -Wl,--end-group
Finished building target: 01_LED2.elf
 
arm-none-eabi-size  01_LED2.elf 
arm-none-eabi-objdump -h -S 01_LED2.elf  > "01_LED2.list"
   text	   data	    bss	    dec	    hex	filename
   6364	     76	   1572	   8012	   1f4c	01_LED2.elf
Finished building: default.size.stdout
 
Finished building: 01_LED2.list
 
18:42:36 **** Incremental Build of configuration Debug for project 01_LED2 ****
make -j16 all 
arm-none-eabi-size  01_LED2.elf 
   text	   data	    bss	    dec	    hex	filename
   6364	     76	   1572	   8012	   1f4c	01_LED2.elf
Finished building: default.size.stdout
 
19:19:08 **** Build of configuration Debug for project 00_Basic ****
make -j16 all 
arm-none-eabi-gcc "../Drivers/STM32F4xx_HAL_Driver/Src/stm32f4xx_hal.c" -mcpu=cortex-m4 -std=gnu11 -g3 -DDEBUG -DUSE_HAL_DRIVER -DSTM32F411xE -c -I../Core/Inc -I../Drivers/STM32F4xx_HAL_Driver/Inc -I../Drivers/STM32F4xx_HAL_Driver/Inc/Legacy -I../Drivers/CMSIS/Device/ST/STM32F4xx/Include -I../Drivers/CMSIS/Include -O0 -ffunction-sections -fdata-sections -Wall -fstack-usage -fcyclomatic-complexity -MMD -MP -MF"Drivers/STM32F4xx_HAL_Driver/Src/stm32f4xx_hal.d" -MT"Drivers/STM32F4xx_HAL_Driver/Src/stm32f4xx_hal.o" --specs=nano.specs -mfpu=fpv4-sp-d16 -mfloat-abi=hard -mthumb -o "Drivers/STM32F4xx_HAL_Driver/Src/stm32f4xx_hal.o"
arm-none-eabi-gcc "../Drivers/STM32F4xx_HAL_Driver/Src/stm32f4xx_hal_cortex.c" -mcpu=cortex-m4 -std=gnu11 -g3 -DDEBUG -DUSE_HAL_DRIVER -DSTM32F411xE -c -I../Core/Inc -I../Drivers/STM32F4xx_HAL_Driver/Inc -I../Drivers/STM32F4xx_HAL_Driver/Inc/Legacy -I../Drivers/CMSIS/Device/ST/STM32F4xx/Include -I../Drivers/CMSIS/Include -O0 -ffunction-sections -fdata-sections -Wall -fstack-usage -fcyclomatic-complexity -MMD -MP -MF"Drivers/STM32F4xx_HAL_Driver/Src/stm32f4xx_hal_cortex.d" -MT"Drivers/STM32F4xx_HAL_Driver/Src/stm32f4xx_hal_cortex.o" --specs=nano.specs -mfpu=fpv4-sp-d16 -mfloat-abi=hard -mthumb -o "Drivers/STM32F4xx_HAL_Driver/Src/stm32f4xx_hal_cortex.o"
arm-none-eabi-gcc "../Drivers/STM32F4xx_HAL_Driver/Src/stm32f4xx_hal_dma.c" -mcpu=cortex-m4 -std=gnu11 -g3 -DDEBUG -DUSE_HAL_DRIVER -DSTM32F411xE -c -I../Core/Inc -I../Drivers/STM32F4xx_HAL_Driver/Inc -I../Drivers/STM32F4xx_HAL_Driver/Inc/Legacy -I../Drivers/CMSIS/Device/ST/STM32F4xx/Include -I../Drivers/CMSIS/Include -O0 -ffunction-sections -fdata-sections -Wall -fstack-usage -fcyclomatic-complexity -MMD -MP -MF"Drivers/STM32F4xx_HAL_Driver/Src/stm32f4xx_hal_dma.d" -MT"Drivers/STM32F4xx_HAL_Driver/Src/stm32f4xx_hal_dma.o" --specs=nano.specs -mfpu=fpv4-sp-d16 -mfloat-abi=hard -mthumb -o "Drivers/STM32F4xx_HAL_Driver/Src/stm32f4xx_hal_dma.o"
arm-none-eabi-gcc "../Drivers/STM32F4xx_HAL_Driver/Src/stm32f4xx_hal_dma_ex.c" -mcpu=cortex-m4 -std=gnu11 -g3 -DDEBUG -DUSE_HAL_DRIVER -DSTM32F411xE -c -I../Core/Inc -I../Drivers/STM32F4xx_HAL_Driver/Inc -I../Drivers/STM32F4xx_HAL_Driver/Inc/Legacy -I../Drivers/CMSIS/Device/ST/STM32F4xx/Include -I../Drivers/CMSIS/Include -O0 -ffunction-sections -fdata-sections -Wall -fstack-usage -fcyclomatic-complexity -MMD -MP -MF"Drivers/STM32F4xx_HAL_Driver/Src/stm32f4xx_hal_dma_ex.d" -MT"Drivers/STM32F4xx_HAL_Driver/Src/stm32f4xx_hal_dma_ex.o" --specs=nano.specs -mfpu=fpv4-sp-d16 -mfloat-abi=hard -mthumb -o "Drivers/STM32F4xx_HAL_Driver/Src/stm32f4xx_hal_dma_ex.o"
arm-none-eabi-gcc "../Drivers/STM32F4xx_HAL_Driver/Src/stm32f4xx_hal_exti.c" -mcpu=cortex-m4 -std=gnu11 -g3 -DDEBUG -DUSE_HAL_DRIVER -DSTM32F411xE -c -I../Core/Inc -I../Drivers/STM32F4xx_HAL_Driver/Inc -I../Drivers/STM32F4xx_HAL_Driver/Inc/Legacy -I../Drivers/CMSIS/Device/ST/STM32F4xx/Include -I../Drivers/CMSIS/Include -O0 -ffunction-sections -fdata-sections -Wall -fstack-usage -fcyclomatic-complexity -MMD -MP -MF"Drivers/STM32F4xx_HAL_Driver/Src/stm32f4xx_hal_exti.d" -MT"Drivers/STM32F4xx_HAL_Driver/Src/stm32f4xx_hal_exti.o" --specs=nano.specs -mfpu=fpv4-sp-d16 -mfloat-abi=hard -mthumb -o "Drivers/STM32F4xx_HAL_Driver/Src/stm32f4xx_hal_exti.o"
arm-none-eabi-gcc "../Drivers/STM32F4xx_HAL_Driver/Src/stm32f4xx_hal_flash.c" -mcpu=cortex-m4 -std=gnu11 -g3 -DDEBUG -DUSE_HAL_DRIVER -DSTM32F411xE -c -I../Core/Inc -I../Drivers/STM32F4xx_HAL_Driver/Inc -I../Drivers/STM32F4xx_HAL_Driver/Inc/Legacy -I../Drivers/CMSIS/Device/ST/STM32F4xx/Include -I../Drivers/CMSIS/Include -O0 -ffunction-sections -fdata-sections -Wall -fstack-usage -fcyclomatic-complexity -MMD -MP -MF"Drivers/STM32F4xx_HAL_Driver/Src/stm32f4xx_hal_flash.d" -MT"Drivers/STM32F4xx_HAL_Driver/Src/stm32f4xx_hal_flash.o" --specs=nano.specs -mfpu=fpv4-sp-d16 -mfloat-abi=hard -mthumb -o "Drivers/STM32F4xx_HAL_Driver/Src/stm32f4xx_hal_flash.o"
arm-none-eabi-gcc "../Drivers/STM32F4xx_HAL_Driver/Src/stm32f4xx_hal_flash_ex.c" -mcpu=cortex-m4 -std=gnu11 -g3 -DDEBUG -DUSE_HAL_DRIVER -DSTM32F411xE -c -I../Core/Inc -I../Drivers/STM32F4xx_HAL_Driver/Inc -I../Drivers/STM32F4xx_HAL_Driver/Inc/Legacy -I../Drivers/CMSIS/Device/ST/STM32F4xx/Include -I../Drivers/CMSIS/Include -O0 -ffunction-sections -fdata-sections -Wall -fstack-usage -fcyclomatic-complexity -MMD -MP -MF"Drivers/STM32F4xx_HAL_Driver/Src/stm32f4xx_hal_flash_ex.d" -MT"Drivers/STM32F4xx_HAL_Driver/Src/stm32f4xx_hal_flash_ex.o" --specs=nano.specs -mfpu=fpv4-sp-d16 -mfloat-abi=hard -mthumb -o "Drivers/STM32F4xx_HAL_Driver/Src/stm32f4xx_hal_flash_ex.o"
arm-none-eabi-gcc "../Drivers/STM32F4xx_HAL_Driver/Src/stm32f4xx_hal_flash_ramfunc.c" -mcpu=cortex-m4 -std=gnu11 -g3 -DDEBUG -DUSE_HAL_DRIVER -DSTM32F411xE -c -I../Core/Inc -I../Drivers/STM32F4xx_HAL_Driver/Inc -I../Drivers/STM32F4xx_HAL_Driver/Inc/Legacy -I../Drivers/CMSIS/Device/ST/STM32F4xx/Include -I../Drivers/CMSIS/Include -O0 -ffunction-sections -fdata-sections -Wall -fstack-usage -fcyclomatic-complexity -MMD -MP -MF"Drivers/STM32F4xx_HAL_Driver/Src/stm32f4xx_hal_flash_ramfunc.d" -MT"Drivers/STM32F4xx_HAL_Driver/Src/stm32f4xx_hal_flash_ramfunc.o" --specs=nano.specs -mfpu=fpv4-sp-d16 -mfloat-abi=hard -mthumb -o "Drivers/STM32F4xx_HAL_Driver/Src/stm32f4xx_hal_flash_ramfunc.o"
arm-none-eabi-gcc "../Drivers/STM32F4xx_HAL_Driver/Src/stm32f4xx_hal_gpio.c" -mcpu=cortex-m4 -std=gnu11 -g3 -DDEBUG -DUSE_HAL_DRIVER -DSTM32F411xE -c -I../Core/Inc -I../Drivers/STM32F4xx_HAL_Driver/Inc -I../Drivers/STM32F4xx_HAL_Driver/Inc/Legacy -I../Drivers/CMSIS/Device/ST/STM32F4xx/Include -I../Drivers/CMSIS/Include -O0 -ffunction-sections -fdata-sections -Wall -fstack-usage -fcyclomatic-complexity -MMD -MP -MF"Drivers/STM32F4xx_HAL_Driver/Src/stm32f4xx_hal_gpio.d" -MT"Drivers/STM32F4xx_HAL_Driver/Src/stm32f4xx_hal_gpio.o" --specs=nano.specs -mfpu=fpv4-sp-d16 -mfloat-abi=hard -mthumb -o "Drivers/STM32F4xx_HAL_Driver/Src/stm32f4xx_hal_gpio.o"
arm-none-eabi-gcc "../Drivers/STM32F4xx_HAL_Driver/Src/stm32f4xx_hal_pwr.c" -mcpu=cortex-m4 -std=gnu11 -g3 -DDEBUG -DUSE_HAL_DRIVER -DSTM32F411xE -c -I../Core/Inc -I../Drivers/STM32F4xx_HAL_Driver/Inc -I../Drivers/STM32F4xx_HAL_Driver/Inc/Legacy -I../Drivers/CMSIS/Device/ST/STM32F4xx/Include -I../Drivers/CMSIS/Include -O0 -ffunction-sections -fdata-sections -Wall -fstack-usage -fcyclomatic-complexity -MMD -MP -MF"Drivers/STM32F4xx_HAL_Driver/Src/stm32f4xx_hal_pwr.d" -MT"Drivers/STM32F4xx_HAL_Driver/Src/stm32f4xx_hal_pwr.o" --specs=nano.specs -mfpu=fpv4-sp-d16 -mfloat-abi=hard -mthumb -o "Drivers/STM32F4xx_HAL_Driver/Src/stm32f4xx_hal_pwr.o"
arm-none-eabi-gcc "../Drivers/STM32F4xx_HAL_Driver/Src/stm32f4xx_hal_pwr_ex.c" -mcpu=cortex-m4 -std=gnu11 -g3 -DDEBUG -DUSE_HAL_DRIVER -DSTM32F411xE -c -I../Core/Inc -I../Drivers/STM32F4xx_HAL_Driver/Inc -I../Drivers/STM32F4xx_HAL_Driver/Inc/Legacy -I../Drivers/CMSIS/Device/ST/STM32F4xx/Include -I../Drivers/CMSIS/Include -O0 -ffunction-sections -fdata-sections -Wall -fstack-usage -fcyclomatic-complexity -MMD -MP -MF"Drivers/STM32F4xx_HAL_Driver/Src/stm32f4xx_hal_pwr_ex.d" -MT"Drivers/STM32F4xx_HAL_Driver/Src/stm32f4xx_hal_pwr_ex.o" --specs=nano.specs -mfpu=fpv4-sp-d16 -mfloat-abi=hard -mthumb -o "Drivers/STM32F4xx_HAL_Driver/Src/stm32f4xx_hal_pwr_ex.o"
arm-none-eabi-gcc "../Drivers/STM32F4xx_HAL_Driver/Src/stm32f4xx_hal_rcc.c" -mcpu=cortex-m4 -std=gnu11 -g3 -DDEBUG -DUSE_HAL_DRIVER -DSTM32F411xE -c -I../Core/Inc -I../Drivers/STM32F4xx_HAL_Driver/Inc -I../Drivers/STM32F4xx_HAL_Driver/Inc/Legacy -I../Drivers/CMSIS/Device/ST/STM32F4xx/Include -I../Drivers/CMSIS/Include -O0 -ffunction-sections -fdata-sections -Wall -fstack-usage -fcyclomatic-complexity -MMD -MP -MF"Drivers/STM32F4xx_HAL_Driver/Src/stm32f4xx_hal_rcc.d" -MT"Drivers/STM32F4xx_HAL_Driver/Src/stm32f4xx_hal_rcc.o" --specs=nano.specs -mfpu=fpv4-sp-d16 -mfloat-abi=hard -mthumb -o "Drivers/STM32F4xx_HAL_Driver/Src/stm32f4xx_hal_rcc.o"
arm-none-eabi-gcc "../Drivers/STM32F4xx_HAL_Driver/Src/stm32f4xx_hal_rcc_ex.c" -mcpu=cortex-m4 -std=gnu11 -g3 -DDEBUG -DUSE_HAL_DRIVER -DSTM32F411xE -c -I../Core/Inc -I../Drivers/STM32F4xx_HAL_Driver/Inc -I../Drivers/STM32F4xx_HAL_Driver/Inc/Legacy -I../Drivers/CMSIS/Device/ST/STM32F4xx/Include -I../Drivers/CMSIS/Include -O0 -ffunction-sections -fdata-sections -Wall -fstack-usage -fcyclomatic-complexity -MMD -MP -MF"Drivers/STM32F4xx_HAL_Driver/Src/stm32f4xx_hal_rcc_ex.d" -MT"Drivers/STM32F4xx_HAL_Driver/Src/stm32f4xx_hal_rcc_ex.o" --specs=nano.specs -mfpu=fpv4-sp-d16 -mfloat-abi=hard -mthumb -o "Drivers/STM32F4xx_HAL_Driver/Src/stm32f4xx_hal_rcc_ex.o"
arm-none-eabi-gcc -mcpu=cortex-m4 -g3 -DDEBUG -c -x assembler-with-cpp -MMD -MP -MF"Core/Startup/startup_stm32f411retx.d" -MT"Core/Startup/startup_stm32f411retx.o" --specs=nano.specs -mfpu=fpv4-sp-d16 -mfloat-abi=hard -mthumb -o "Core/Startup/startup_stm32f411retx.o" "../Core/Startup/startup_stm32f411retx.s"
arm-none-eabi-gcc "../Core/Src/gpio.c" -mcpu=cortex-m4 -std=gnu11 -g3 -DDEBUG -DUSE_HAL_DRIVER -DSTM32F411xE -c -I../Core/Inc -I../Drivers/STM32F4xx_HAL_Driver/Inc -I../Drivers/STM32F4xx_HAL_Driver/Inc/Legacy -I../Drivers/CMSIS/Device/ST/STM32F4xx/Include -I../Drivers/CMSIS/Include -O0 -ffunction-sections -fdata-sections -Wall -fstack-usage -fcyclomatic-complexity -MMD -MP -MF"Core/Src/gpio.d" -MT"Core/Src/gpio.o" --specs=nano.specs -mfpu=fpv4-sp-d16 -mfloat-abi=hard -mthumb -o "Core/Src/gpio.o"
arm-none-eabi-gcc "../Core/Src/main.c" -mcpu=cortex-m4 -std=gnu11 -g3 -DDEBUG -DUSE_HAL_DRIVER -DSTM32F411xE -c -I../Core/Inc -I../Drivers/STM32F4xx_HAL_Driver/Inc -I../Drivers/STM32F4xx_HAL_Driver/Inc/Legacy -I../Drivers/CMSIS/Device/ST/STM32F4xx/Include -I../Drivers/CMSIS/Include -O0 -ffunction-sections -fdata-sections -Wall -fstack-usage -fcyclomatic-complexity -MMD -MP -MF"Core/Src/main.d" -MT"Core/Src/main.o" --specs=nano.specs -mfpu=fpv4-sp-d16 -mfloat-abi=hard -mthumb -o "Core/Src/main.o"
arm-none-eabi-gcc "../Core/Src/stm32f4xx_hal_msp.c" -mcpu=cortex-m4 -std=gnu11 -g3 -DDEBUG -DUSE_HAL_DRIVER -DSTM32F411xE -c -I../Core/Inc -I../Drivers/STM32F4xx_HAL_Driver/Inc -I../Drivers/STM32F4xx_HAL_Driver/Inc/Legacy -I../Drivers/CMSIS/Device/ST/STM32F4xx/Include -I../Drivers/CMSIS/Include -O0 -ffunction-sections -fdata-sections -Wall -fstack-usage -fcyclomatic-complexity -MMD -MP -MF"Core/Src/stm32f4xx_hal_msp.d" -MT"Core/Src/stm32f4xx_hal_msp.o" --specs=nano.specs -mfpu=fpv4-sp-d16 -mfloat-abi=hard -mthumb -o "Core/Src/stm32f4xx_hal_msp.o"
arm-none-eabi-gcc "../Core/Src/stm32f4xx_it.c" -mcpu=cortex-m4 -std=gnu11 -g3 -DDEBUG -DUSE_HAL_DRIVER -DSTM32F411xE -c -I../Core/Inc -I../Drivers/STM32F4xx_HAL_Driver/Inc -I../Drivers/STM32F4xx_HAL_Driver/Inc/Legacy -I../Drivers/CMSIS/Device/ST/STM32F4xx/Include -I../Drivers/CMSIS/Include -O0 -ffunction-sections -fdata-sections -Wall -fstack-usage -fcyclomatic-complexity -MMD -MP -MF"Core/Src/stm32f4xx_it.d" -MT"Core/Src/stm32f4xx_it.o" --specs=nano.specs -mfpu=fpv4-sp-d16 -mfloat-abi=hard -mthumb -o "Core/Src/stm32f4xx_it.o"
arm-none-eabi-gcc "../Core/Src/syscalls.c" -mcpu=cortex-m4 -std=gnu11 -g3 -DDEBUG -DUSE_HAL_DRIVER -DSTM32F411xE -c -I../Core/Inc -I../Drivers/STM32F4xx_HAL_Driver/Inc -I../Drivers/STM32F4xx_HAL_Driver/Inc/Legacy -I../Drivers/CMSIS/Device/ST/STM32F4xx/Include -I../Drivers/CMSIS/Include -O0 -ffunction-sections -fdata-sections -Wall -fstack-usage -fcyclomatic-complexity -MMD -MP -MF"Core/Src/syscalls.d" -MT"Core/Src/syscalls.o" --specs=nano.specs -mfpu=fpv4-sp-d16 -mfloat-abi=hard -mthumb -o "Core/Src/syscalls.o"
arm-none-eabi-gcc "../Core/Src/sysmem.c" -mcpu=cortex-m4 -std=gnu11 -g3 -DDEBUG -DUSE_HAL_DRIVER -DSTM32F411xE -c -I../Core/Inc -I../Drivers/STM32F4xx_HAL_Driver/Inc -I../Drivers/STM32F4xx_HAL_Driver/Inc/Legacy -I../Drivers/CMSIS/Device/ST/STM32F4xx/Include -I../Drivers/CMSIS/Include -O0 -ffunction-sections -fdata-sections -Wall -fstack-usage -fcyclomatic-complexity -MMD -MP -MF"Core/Src/sysmem.d" -MT"Core/Src/sysmem.o" --specs=nano.specs -mfpu=fpv4-sp-d16 -mfloat-abi=hard -mthumb -o "Core/Src/sysmem.o"
arm-none-eabi-gcc "../Core/Src/system_stm32f4xx.c" -mcpu=cortex-m4 -std=gnu11 -g3 -DDEBUG -DUSE_HAL_DRIVER -DSTM32F411xE -c -I../Core/Inc -I../Drivers/STM32F4xx_HAL_Driver/Inc -I../Drivers/STM32F4xx_HAL_Driver/Inc/Legacy -I../Drivers/CMSIS/Device/ST/STM32F4xx/Include -I../Drivers/CMSIS/Include -O0 -ffunction-sections -fdata-sections -Wall -fstack-usage -fcyclomatic-complexity -MMD -MP -MF"Core/Src/system_stm32f4xx.d" -MT"Core/Src/system_stm32f4xx.o" --specs=nano.specs -mfpu=fpv4-sp-d16 -mfloat-abi=hard -mthumb -o "Core/Src/system_stm32f4xx.o"
arm-none-eabi-gcc -o "00_Basic.elf" @"objects.list"   -mcpu=cortex-m4 -T"/home/user12/workspace_ondevice_1/arm/00_Basic/STM32F411RETX_FLASH.ld" --specs=nosys.specs -Wl,-Map="00_Basic.map" -Wl,--gc-sections -static --specs=nano.specs -mfpu=fpv4-sp-d16 -mfloat-abi=hard -mthumb -Wl,--start-group -lc -lm -Wl,--end-group
Finished building target: 00_Basic.elf
 
arm-none-eabi-size  00_Basic.elf 
arm-none-eabi-objdump -h -S 00_Basic.elf  > "00_Basic.list"
   text	   data	    bss	    dec	    hex	filename
   4980	     12	   1572	   6564	   19a4	00_Basic.elf
Finished building: default.size.stdout
 
Finished building: 00_Basic.list
 
19:19:08 **** Incremental Build of configuration Debug for project 01_LED ****
make -j16 all 
arm-none-eabi-size  01_LED.elf 
   text	   data	    bss	    dec	    hex	filename
   6060	     12	   1572	   7644	   1ddc	01_LED.elf
Finished building: default.size.stdout
 
19:19:09 **** Incremental Build of configuration Debug for project 01_LED2 ****
make -j16 all 
arm-none-eabi-gcc "../Core/Src/led.c" -mcpu=cortex-m4 -std=gnu11 -g3 -DDEBUG -DUSE_HAL_DRIVER -DSTM32F411xE -c -I../Core/Inc -I../Drivers/STM32F4xx_HAL_Driver/Inc -I../Drivers/STM32F4xx_HAL_Driver/Inc/Legacy -I../Drivers/CMSIS/Device/ST/STM32F4xx/Include -I../Drivers/CMSIS/Include -O0 -ffunction-sections -fdata-sections -Wall -fstack-usage -fcyclomatic-complexity -MMD -MP -MF"Core/Src/led.d" -MT"Core/Src/led.o" --specs=nano.specs -mfpu=fpv4-sp-d16 -mfloat-abi=hard -mthumb -o "Core/Src/led.o"
arm-none-eabi-gcc -o "01_LED2.elf" @"objects.list"   -mcpu=cortex-m4 -T"/home/user12/workspace_ondevice_1/arm/01_LED2/STM32F411RETX_FLASH.ld" --specs=nosys.specs -Wl,-Map="01_LED2.map" -Wl,--gc-sections -static --specs=nano.specs -mfpu=fpv4-sp-d16 -mfloat-abi=hard -mthumb -Wl,--start-group -lc -lm -Wl,--end-group
Finished building target: 01_LED2.elf
 
arm-none-eabi-size  01_LED2.elf 
arm-none-eabi-objdump -h -S 01_LED2.elf  > "01_LED2.list"
   text	   data	    bss	    dec	    hex	filename
   6364	     76	   1572	   8012	   1f4c	01_LED2.elf
Finished building: default.size.stdout
 
Finished building: 01_LED2.list
 
19:19:11 **** Incremental Build of configuration Debug for project 01_LED2 ****
make -j16 all 
arm-none-eabi-size  01_LED2.elf 
   text	   data	    bss	    dec	    hex	filename
   6364	     76	   1572	   8012	   1f4c	01_LED2.elf
Finished building: default.size.stdout
 
19:21:32 **** Incremental Build of configuration Debug for project 00_Basic ****
make -j16 all 
arm-none-eabi-size  00_Basic.elf 
   text	   data	    bss	    dec	    hex	filename
   4980	     12	   1572	   6564	   19a4	00_Basic.elf
Finished building: default.size.stdout
 
19:21:32 **** Incremental Build of configuration Debug for project 01_LED ****
make -j16 all 
arm-none-eabi-size  01_LED.elf 
   text	   data	    bss	    dec	    hex	filename
   6060	     12	   1572	   7644	   1ddc	01_LED.elf
Finished building: default.size.stdout
 
19:21:32 **** Incremental Build of configuration Debug for project 01_LED2 ****
make -j16 all 
arm-none-eabi-gcc "../Core/Src/main.c" -mcpu=cortex-m4 -std=gnu11 -g3 -DDEBUG -DUSE_HAL_DRIVER -DSTM32F411xE -c -I../Core/Inc -I../Drivers/STM32F4xx_HAL_Driver/Inc -I../Drivers/STM32F4xx_HAL_Driver/Inc/Legacy -I../Drivers/CMSIS/Device/ST/STM32F4xx/Include -I../Drivers/CMSIS/Include -O0 -ffunction-sections -fdata-sections -Wall -fstack-usage -fcyclomatic-complexity -MMD -MP -MF"Core/Src/main.d" -MT"Core/Src/main.o" --specs=nano.specs -mfpu=fpv4-sp-d16 -mfloat-abi=hard -mthumb -o "Core/Src/main.o"
arm-none-eabi-gcc -o "01_LED2.elf" @"objects.list"   -mcpu=cortex-m4 -T"/home/user12/workspace_ondevice_1/arm/01_LED2/STM32F411RETX_FLASH.ld" --specs=nosys.specs -Wl,-Map="01_LED2.map" -Wl,--gc-sections -static --specs=nano.specs -mfpu=fpv4-sp-d16 -mfloat-abi=hard -mthumb -Wl,--start-group -lc -lm -Wl,--end-group
Finished building target: 01_LED2.elf
 
arm-none-eabi-size  01_LED2.elf 
arm-none-eabi-objdump -h -S 01_LED2.elf  > "01_LED2.list"
   text	   data	    bss	    dec	    hex	filename
   6344	     76	   1572	   7992	   1f38	01_LED2.elf
Finished building: default.size.stdout
 
Finished building: 01_LED2.list
 
19:21:34 **** Incremental Build of configuration Debug for project 01_LED2 ****
make -j16 all 
arm-none-eabi-size  01_LED2.elf 
   text	   data	    bss	    dec	    hex	filename
   6344	     76	   1572	   7992	   1f38	01_LED2.elf
Finished building: default.size.stdout
 
19:22:51 **** Incremental Build of configuration Debug for project 00_Basic ****
make -j16 all 
arm-none-eabi-size  00_Basic.elf 
   text	   data	    bss	    dec	    hex	filename
   4980	     12	   1572	   6564	   19a4	00_Basic.elf
Finished building: default.size.stdout
 
19:22:52 **** Incremental Build of configuration Debug for project 01_LED ****
make -j16 all 
arm-none-eabi-size  01_LED.elf 
   text	   data	    bss	    dec	    hex	filename
   6060	     12	   1572	   7644	   1ddc	01_LED.elf
Finished building: default.size.stdout
 
19:22:52 **** Incremental Build of configuration Debug for project 01_LED2 ****
make -j16 all 
arm-none-eabi-gcc "../Core/Src/led.c" -mcpu=cortex-m4 -std=gnu11 -g3 -DDEBUG -DUSE_HAL_DRIVER -DSTM32F411xE -c -I../Core/Inc -I../Drivers/STM32F4xx_HAL_Driver/Inc -I../Drivers/STM32F4xx_HAL_Driver/Inc/Legacy -I../Drivers/CMSIS/Device/ST/STM32F4xx/Include -I../Drivers/CMSIS/Include -O0 -ffunction-sections -fdata-sections -Wall -fstack-usage -fcyclomatic-complexity -MMD -MP -MF"Core/Src/led.d" -MT"Core/Src/led.o" --specs=nano.specs -mfpu=fpv4-sp-d16 -mfloat-abi=hard -mthumb -o "Core/Src/led.o"
arm-none-eabi-gcc -o "01_LED2.elf" @"objects.list"   -mcpu=cortex-m4 -T"/home/user12/workspace_ondevice_1/arm/01_LED2/STM32F411RETX_FLASH.ld" --specs=nosys.specs -Wl,-Map="01_LED2.map" -Wl,--gc-sections -static --specs=nano.specs -mfpu=fpv4-sp-d16 -mfloat-abi=hard -mthumb -Wl,--start-group -lc -lm -Wl,--end-group
Finished building target: 01_LED2.elf
 
arm-none-eabi-size  01_LED2.elf 
arm-none-eabi-objdump -h -S 01_LED2.elf  > "01_LED2.list"
   text	   data	    bss	    dec	    hex	filename
   6320	     76	   1572	   7968	   1f20	01_LED2.elf
Finished building: default.size.stdout
 
Finished building: 01_LED2.list
 
19:22:57 **** Incremental Build of configuration Debug for project 01_LED2 ****
make -j16 all 
arm-none-eabi-size  01_LED2.elf 
   text	   data	    bss	    dec	    hex	filename
   6320	     76	   1572	   7968	   1f20	01_LED2.elf
Finished building: default.size.stdout
 
19:29:39 **** Incremental Build of configuration Debug for project 01_LED2 ****
make -j16 all 
arm-none-eabi-gcc "../Core/Src/led.c" -mcpu=cortex-m4 -std=gnu11 -g3 -DDEBUG -DUSE_HAL_DRIVER -DSTM32F411xE -c -I../Core/Inc -I../Drivers/STM32F4xx_HAL_Driver/Inc -I../Drivers/STM32F4xx_HAL_Driver/Inc/Legacy -I../Drivers/CMSIS/Device/ST/STM32F4xx/Include -I../Drivers/CMSIS/Include -O0 -ffunction-sections -fdata-sections -Wall -fstack-usage -fcyclomatic-complexity -MMD -MP -MF"Core/Src/led.d" -MT"Core/Src/led.o" --specs=nano.specs -mfpu=fpv4-sp-d16 -mfloat-abi=hard -mthumb -o "Core/Src/led.o"
arm-none-eabi-gcc "../Core/Src/main.c" -mcpu=cortex-m4 -std=gnu11 -g3 -DDEBUG -DUSE_HAL_DRIVER -DSTM32F411xE -c -I../Core/Inc -I../Drivers/STM32F4xx_HAL_Driver/Inc -I../Drivers/STM32F4xx_HAL_Driver/Inc/Legacy -I../Drivers/CMSIS/Device/ST/STM32F4xx/Include -I../Drivers/CMSIS/Include -O0 -ffunction-sections -fdata-sections -Wall -fstack-usage -fcyclomatic-complexity -MMD -MP -MF"Core/Src/main.d" -MT"Core/Src/main.o" --specs=nano.specs -mfpu=fpv4-sp-d16 -mfloat-abi=hard -mthumb -o "Core/Src/main.o"
arm-none-eabi-gcc -o "01_LED2.elf" @"objects.list"   -mcpu=cortex-m4 -T"/home/user12/workspace_ondevice_1/arm/01_LED2/STM32F411RETX_FLASH.ld" --specs=nosys.specs -Wl,-Map="01_LED2.map" -Wl,--gc-sections -static --specs=nano.specs -mfpu=fpv4-sp-d16 -mfloat-abi=hard -mthumb -Wl,--start-group -lc -lm -Wl,--end-group
Finished building target: 01_LED2.elf
 
arm-none-eabi-size  01_LED2.elf 
arm-none-eabi-objdump -h -S 01_LED2.elf  > "01_LED2.list"
   text	   data	    bss	    dec	    hex	filename
   6216	     76	   1572	   7864	   1eb8	01_LED2.elf
Finished building: default.size.stdout
 
Finished building: 01_LED2.list
 
19:29:41 **** Incremental Build of configuration Debug for project 01_LED2 ****
make -j16 all 
arm-none-eabi-size  01_LED2.elf 
   text	   data	    bss	    dec	    hex	filename
   6216	     76	   1572	   7864	   1eb8	01_LED2.elf
Finished building: default.size.stdout
 
19:30:47 **** Incremental Build of configuration Debug for project 01_LED2 ****
make -j16 all 
arm-none-eabi-gcc "../Core/Src/led.c" -mcpu=cortex-m4 -std=gnu11 -g3 -DDEBUG -DUSE_HAL_DRIVER -DSTM32F411xE -c -I../Core/Inc -I../Drivers/STM32F4xx_HAL_Driver/Inc -I../Drivers/STM32F4xx_HAL_Driver/Inc/Legacy -I../Drivers/CMSIS/Device/ST/STM32F4xx/Include -I../Drivers/CMSIS/Include -O0 -ffunction-sections -fdata-sections -Wall -fstack-usage -fcyclomatic-complexity -MMD -MP -MF"Core/Src/led.d" -MT"Core/Src/led.o" --specs=nano.specs -mfpu=fpv4-sp-d16 -mfloat-abi=hard -mthumb -o "Core/Src/led.o"
arm-none-eabi-gcc -o "01_LED2.elf" @"objects.list"   -mcpu=cortex-m4 -T"/home/user12/workspace_ondevice_1/arm/01_LED2/STM32F411RETX_FLASH.ld" --specs=nosys.specs -Wl,-Map="01_LED2.map" -Wl,--gc-sections -static --specs=nano.specs -mfpu=fpv4-sp-d16 -mfloat-abi=hard -mthumb -Wl,--start-group -lc -lm -Wl,--end-group
Finished building target: 01_LED2.elf
 
arm-none-eabi-size  01_LED2.elf 
arm-none-eabi-objdump -h -S 01_LED2.elf  > "01_LED2.list"
   text	   data	    bss	    dec	    hex	filename
   6308	     76	   1572	   7956	   1f14	01_LED2.elf
Finished building: default.size.stdout
 
Finished building: 01_LED2.list
 
19:30:48 **** Incremental Build of configuration Debug for project 01_LED2 ****
make -j16 all 
arm-none-eabi-size  01_LED2.elf 
   text	   data	    bss	    dec	    hex	filename
   6308	     76	   1572	   7956	   1f14	01_LED2.elf
Finished building: default.size.stdout
 
19:31:54 **** Incremental Build of configuration Debug for project 01_LED2 ****
make -j16 all 
arm-none-eabi-gcc "../Core/Src/led.c" -mcpu=cortex-m4 -std=gnu11 -g3 -DDEBUG -DUSE_HAL_DRIVER -DSTM32F411xE -c -I../Core/Inc -I../Drivers/STM32F4xx_HAL_Driver/Inc -I../Drivers/STM32F4xx_HAL_Driver/Inc/Legacy -I../Drivers/CMSIS/Device/ST/STM32F4xx/Include -I../Drivers/CMSIS/Include -O0 -ffunction-sections -fdata-sections -Wall -fstack-usage -fcyclomatic-complexity -MMD -MP -MF"Core/Src/led.d" -MT"Core/Src/led.o" --specs=nano.specs -mfpu=fpv4-sp-d16 -mfloat-abi=hard -mthumb -o "Core/Src/led.o"
arm-none-eabi-gcc -o "01_LED2.elf" @"objects.list"   -mcpu=cortex-m4 -T"/home/user12/workspace_ondevice_1/arm/01_LED2/STM32F411RETX_FLASH.ld" --specs=nosys.specs -Wl,-Map="01_LED2.map" -Wl,--gc-sections -static --specs=nano.specs -mfpu=fpv4-sp-d16 -mfloat-abi=hard -mthumb -Wl,--start-group -lc -lm -Wl,--end-group
Finished building target: 01_LED2.elf
 
arm-none-eabi-size  01_LED2.elf 
arm-none-eabi-objdump -h -S 01_LED2.elf  > "01_LED2.list"
   text	   data	    bss	    dec	    hex	filename
   6388	     76	   1572	   8036	   1f64	01_LED2.elf
Finished building: default.size.stdout
 
Finished building: 01_LED2.list
 
19:31:55 **** Incremental Build of configuration Debug for project 01_LED2 ****
make -j16 all 
arm-none-eabi-size  01_LED2.elf 
   text	   data	    bss	    dec	    hex	filename
   6388	     76	   1572	   8036	   1f64	01_LED2.elf
Finished building: default.size.stdout
 
19:32:07 **** Incremental Build of configuration Debug for project 01_LED2 ****
make -j16 all 
arm-none-eabi-size  01_LED2.elf 
   text	   data	    bss	    dec	    hex	filename
   6388	     76	   1572	   8036	   1f64	01_LED2.elf
Finished building: default.size.stdout
 
19:32:10 **** Incremental Build of configuration Debug for project 01_LED2 ****
make -j16 all 
arm-none-eabi-size  01_LED2.elf 
   text	   data	    bss	    dec	    hex	filename
   6388	     76	   1572	   8036	   1f64	01_LED2.elf
Finished building: default.size.stdout
 
19:33:33 **** Incremental Build of configuration Debug for project 01_LED2 ****
make -j16 all 
arm-none-eabi-gcc "../Core/Src/led.c" -mcpu=cortex-m4 -std=gnu11 -g3 -DDEBUG -DUSE_HAL_DRIVER -DSTM32F411xE -c -I../Core/Inc -I../Drivers/STM32F4xx_HAL_Driver/Inc -I../Drivers/STM32F4xx_HAL_Driver/Inc/Legacy -I../Drivers/CMSIS/Device/ST/STM32F4xx/Include -I../Drivers/CMSIS/Include -O0 -ffunction-sections -fdata-sections -Wall -fstack-usage -fcyclomatic-complexity -MMD -MP -MF"Core/Src/led.d" -MT"Core/Src/led.o" --specs=nano.specs -mfpu=fpv4-sp-d16 -mfloat-abi=hard -mthumb -o "Core/Src/led.o"
arm-none-eabi-gcc -o "01_LED2.elf" @"objects.list"   -mcpu=cortex-m4 -T"/home/user12/workspace_ondevice_1/arm/01_LED2/STM32F411RETX_FLASH.ld" --specs=nosys.specs -Wl,-Map="01_LED2.map" -Wl,--gc-sections -static --specs=nano.specs -mfpu=fpv4-sp-d16 -mfloat-abi=hard -mthumb -Wl,--start-group -lc -lm -Wl,--end-group
Finished building target: 01_LED2.elf
 
arm-none-eabi-size  01_LED2.elf 
arm-none-eabi-objdump -h -S 01_LED2.elf  > "01_LED2.list"
   text	   data	    bss	    dec	    hex	filename
   6476	     76	   1572	   8124	   1fbc	01_LED2.elf
Finished building: default.size.stdout
 
Finished building: 01_LED2.list
 
19:33:34 **** Incremental Build of configuration Debug for project 01_LED2 ****
make -j16 all 
arm-none-eabi-size  01_LED2.elf 
   text	   data	    bss	    dec	    hex	filename
   6476	     76	   1572	   8124	   1fbc	01_LED2.elf
Finished building: default.size.stdout
 
19:33:52 **** Incremental Build of configuration Debug for project 01_LED2 ****
make -j16 all 
arm-none-eabi-gcc "../Core/Src/led.c" -mcpu=cortex-m4 -std=gnu11 -g3 -DDEBUG -DUSE_HAL_DRIVER -DSTM32F411xE -c -I../Core/Inc -I../Drivers/STM32F4xx_HAL_Driver/Inc -I../Drivers/STM32F4xx_HAL_Driver/Inc/Legacy -I../Drivers/CMSIS/Device/ST/STM32F4xx/Include -I../Drivers/CMSIS/Include -O0 -ffunction-sections -fdata-sections -Wall -fstack-usage -fcyclomatic-complexity -MMD -MP -MF"Core/Src/led.d" -MT"Core/Src/led.o" --specs=nano.specs -mfpu=fpv4-sp-d16 -mfloat-abi=hard -mthumb -o "Core/Src/led.o"
arm-none-eabi-gcc -o "01_LED2.elf" @"objects.list"   -mcpu=cortex-m4 -T"/home/user12/workspace_ondevice_1/arm/01_LED2/STM32F411RETX_FLASH.ld" --specs=nosys.specs -Wl,-Map="01_LED2.map" -Wl,--gc-sections -static --specs=nano.specs -mfpu=fpv4-sp-d16 -mfloat-abi=hard -mthumb -Wl,--start-group -lc -lm -Wl,--end-group
Finished building target: 01_LED2.elf
 
arm-none-eabi-size  01_LED2.elf 
arm-none-eabi-objdump -h -S 01_LED2.elf  > "01_LED2.list"
   text	   data	    bss	    dec	    hex	filename
   6460	     76	   1572	   8108	   1fac	01_LED2.elf
Finished building: default.size.stdout
 
Finished building: 01_LED2.list
 
19:33:54 **** Incremental Build of configuration Debug for project 01_LED2 ****
make -j16 all 
arm-none-eabi-size  01_LED2.elf 
   text	   data	    bss	    dec	    hex	filename
   6460	     76	   1572	   8108	   1fac	01_LED2.elf
Finished building: default.size.stdout
 
19:57:10 **** Incremental Build of configuration Debug for project 01_LED2 ****
make -j16 all 
arm-none-eabi-gcc "../Core/Src/led.c" -mcpu=cortex-m4 -std=gnu11 -g3 -DDEBUG -DUSE_HAL_DRIVER -DSTM32F411xE -c -I../Core/Inc -I../Drivers/STM32F4xx_HAL_Driver/Inc -I../Drivers/STM32F4xx_HAL_Driver/Inc/Legacy -I../Drivers/CMSIS/Device/ST/STM32F4xx/Include -I../Drivers/CMSIS/Include -O0 -ffunction-sections -fdata-sections -Wall -fstack-usage -fcyclomatic-complexity -MMD -MP -MF"Core/Src/led.d" -MT"Core/Src/led.o" --specs=nano.specs -mfpu=fpv4-sp-d16 -mfloat-abi=hard -mthumb -o "Core/Src/led.o"
arm-none-eabi-gcc "../Core/Src/main.c" -mcpu=cortex-m4 -std=gnu11 -g3 -DDEBUG -DUSE_HAL_DRIVER -DSTM32F411xE -c -I../Core/Inc -I../Drivers/STM32F4xx_HAL_Driver/Inc -I../Drivers/STM32F4xx_HAL_Driver/Inc/Legacy -I../Drivers/CMSIS/Device/ST/STM32F4xx/Include -I../Drivers/CMSIS/Include -O0 -ffunction-sections -fdata-sections -Wall -fstack-usage -fcyclomatic-complexity -MMD -MP -MF"Core/Src/main.d" -MT"Core/Src/main.o" --specs=nano.specs -mfpu=fpv4-sp-d16 -mfloat-abi=hard -mthumb -o "Core/Src/main.o"
arm-none-eabi-gcc -o "01_LED2.elf" @"objects.list"   -mcpu=cortex-m4 -T"/home/user12/workspace_ondevice_1/arm/01_LED2/STM32F411RETX_FLASH.ld" --specs=nosys.specs -Wl,-Map="01_LED2.map" -Wl,--gc-sections -static --specs=nano.specs -mfpu=fpv4-sp-d16 -mfloat-abi=hard -mthumb -Wl,--start-group -lc -lm -Wl,--end-group
Finished building target: 01_LED2.elf
 
arm-none-eabi-size  01_LED2.elf 
arm-none-eabi-objdump -h -S 01_LED2.elf  > "01_LED2.list"
   text	   data	    bss	    dec	    hex	filename
   6356	     76	   1572	   8004	   1f44	01_LED2.elf
Finished building: default.size.stdout
 
Finished building: 01_LED2.list
 
19:57:12 **** Incremental Build of configuration Debug for project 01_LED2 ****
make -j16 all 
arm-none-eabi-size  01_LED2.elf 
   text	   data	    bss	    dec	    hex	filename
   6356	     76	   1572	   8004	   1f44	01_LED2.elf
Finished building: default.size.stdout
 
19:58:18 **** Incremental Build of configuration Debug for project 01_LED2 ****
make -j16 all 
arm-none-eabi-gcc "../Core/Src/led.c" -mcpu=cortex-m4 -std=gnu11 -g3 -DDEBUG -DUSE_HAL_DRIVER -DSTM32F411xE -c -I../Core/Inc -I../Drivers/STM32F4xx_HAL_Driver/Inc -I../Drivers/STM32F4xx_HAL_Driver/Inc/Legacy -I../Drivers/CMSIS/Device/ST/STM32F4xx/Include -I../Drivers/CMSIS/Include -O0 -ffunction-sections -fdata-sections -Wall -fstack-usage -fcyclomatic-complexity -MMD -MP -MF"Core/Src/led.d" -MT"Core/Src/led.o" --specs=nano.specs -mfpu=fpv4-sp-d16 -mfloat-abi=hard -mthumb -o "Core/Src/led.o"
arm-none-eabi-gcc -o "01_LED2.elf" @"objects.list"   -mcpu=cortex-m4 -T"/home/user12/workspace_ondevice_1/arm/01_LED2/STM32F411RETX_FLASH.ld" --specs=nosys.specs -Wl,-Map="01_LED2.map" -Wl,--gc-sections -static --specs=nano.specs -mfpu=fpv4-sp-d16 -mfloat-abi=hard -mthumb -Wl,--start-group -lc -lm -Wl,--end-group
Finished building target: 01_LED2.elf
 
arm-none-eabi-size  01_LED2.elf 
arm-none-eabi-objdump -h -S 01_LED2.elf  > "01_LED2.list"
   text	   data	    bss	    dec	    hex	filename
   6412	     76	   1572	   8060	   1f7c	01_LED2.elf
Finished building: default.size.stdout
 
Finished building: 01_LED2.list
 
19:58:19 **** Incremental Build of configuration Debug for project 01_LED2 ****
make -j16 all 
arm-none-eabi-size  01_LED2.elf 
[...]
arm-none-eabi-gcc "../Drivers/STM32F4xx_HAL_Driver/Src/stm32f4xx_hal_flash_ex.c" -mcpu=cortex-m4 -std=gnu11 -g3 -DDEBUG -DUSE_HAL_DRIVER -DSTM32F411xE -c -I../Core/Inc -I../Drivers/STM32F4xx_HAL_Driver/Inc -I../Drivers/STM32F4xx_HAL_Driver/Inc/Legacy -I../Drivers/CMSIS/Device/ST/STM32F4xx/Include -I../Drivers/CMSIS/Include -O0 -ffunction-sections -fdata-sections -Wall -fstack-usage -fcyclomatic-complexity -MMD -MP -MF"Drivers/STM32F4xx_HAL_Driver/Src/stm32f4xx_hal_flash_ex.d" -MT"Drivers/STM32F4xx_HAL_Driver/Src/stm32f4xx_hal_flash_ex.o" --specs=nano.specs -mfpu=fpv4-sp-d16 -mfloat-abi=hard -mthumb -o "Drivers/STM32F4xx_HAL_Driver/Src/stm32f4xx_hal_flash_ex.o"
arm-none-eabi-gcc "../Drivers/STM32F4xx_HAL_Driver/Src/stm32f4xx_hal_flash_ramfunc.c" -mcpu=cortex-m4 -std=gnu11 -g3 -DDEBUG -DUSE_HAL_DRIVER -DSTM32F411xE -c -I../Core/Inc -I../Drivers/STM32F4xx_HAL_Driver/Inc -I../Drivers/STM32F4xx_HAL_Driver/Inc/Legacy -I../Drivers/CMSIS/Device/ST/STM32F4xx/Include -I../Drivers/CMSIS/Include -O0 -ffunction-sections -fdata-sections -Wall -fstack-usage -fcyclomatic-complexity -MMD -MP -MF"Drivers/STM32F4xx_HAL_Driver/Src/stm32f4xx_hal_flash_ramfunc.d" -MT"Drivers/STM32F4xx_HAL_Driver/Src/stm32f4xx_hal_flash_ramfunc.o" --specs=nano.specs -mfpu=fpv4-sp-d16 -mfloat-abi=hard -mthumb -o "Drivers/STM32F4xx_HAL_Driver/Src/stm32f4xx_hal_flash_ramfunc.o"
arm-none-eabi-gcc "../Drivers/STM32F4xx_HAL_Driver/Src/stm32f4xx_hal_gpio.c" -mcpu=cortex-m4 -std=gnu11 -g3 -DDEBUG -DUSE_HAL_DRIVER -DSTM32F411xE -c -I../Core/Inc -I../Drivers/STM32F4xx_HAL_Driver/Inc -I../Drivers/STM32F4xx_HAL_Driver/Inc/Legacy -I../Drivers/CMSIS/Device/ST/STM32F4xx/Include -I../Drivers/CMSIS/Include -O0 -ffunction-sections -fdata-sections -Wall -fstack-usage -fcyclomatic-complexity -MMD -MP -MF"Drivers/STM32F4xx_HAL_Driver/Src/stm32f4xx_hal_gpio.d" -MT"Drivers/STM32F4xx_HAL_Driver/Src/stm32f4xx_hal_gpio.o" --specs=nano.specs -mfpu=fpv4-sp-d16 -mfloat-abi=hard -mthumb -o "Drivers/STM32F4xx_HAL_Driver/Src/stm32f4xx_hal_gpio.o"
arm-none-eabi-gcc "../Drivers/STM32F4xx_HAL_Driver/Src/stm32f4xx_hal_pwr.c" -mcpu=cortex-m4 -std=gnu11 -g3 -DDEBUG -DUSE_HAL_DRIVER -DSTM32F411xE -c -I../Core/Inc -I../Drivers/STM32F4xx_HAL_Driver/Inc -I../Drivers/STM32F4xx_HAL_Driver/Inc/Legacy -I../Drivers/CMSIS/Device/ST/STM32F4xx/Include -I../Drivers/CMSIS/Include -O0 -ffunction-sections -fdata-sections -Wall -fstack-usage -fcyclomatic-complexity -MMD -MP -MF"Drivers/STM32F4xx_HAL_Driver/Src/stm32f4xx_hal_pwr.d" -MT"Drivers/STM32F4xx_HAL_Driver/Src/stm32f4xx_hal_pwr.o" --specs=nano.specs -mfpu=fpv4-sp-d16 -mfloat-abi=hard -mthumb -o "Drivers/STM32F4xx_HAL_Driver/Src/stm32f4xx_hal_pwr.o"
arm-none-eabi-gcc "../Drivers/STM32F4xx_HAL_Driver/Src/stm32f4xx_hal_pwr_ex.c" -mcpu=cortex-m4 -std=gnu11 -g3 -DDEBUG -DUSE_HAL_DRIVER -DSTM32F411xE -c -I../Core/Inc -I../Drivers/STM32F4xx_HAL_Driver/Inc -I../Drivers/STM32F4xx_HAL_Driver/Inc/Legacy -I../Drivers/CMSIS/Device/ST/STM32F4xx/Include -I../Drivers/CMSIS/Include -O0 -ffunction-sections -fdata-sections -Wall -fstack-usage -fcyclomatic-complexity -MMD -MP -MF"Drivers/STM32F4xx_HAL_Driver/Src/stm32f4xx_hal_pwr_ex.d" -MT"Drivers/STM32F4xx_HAL_Driver/Src/stm32f4xx_hal_pwr_ex.o" --specs=nano.specs -mfpu=fpv4-sp-d16 -mfloat-abi=hard -mthumb -o "Drivers/STM32F4xx_HAL_Driver/Src/stm32f4xx_hal_pwr_ex.o"
arm-none-eabi-gcc "../Drivers/STM32F4xx_HAL_Driver/Src/stm32f4xx_hal_rcc.c" -mcpu=cortex-m4 -std=gnu11 -g3 -DDEBUG -DUSE_HAL_DRIVER -DSTM32F411xE -c -I../Core/Inc -I../Drivers/STM32F4xx_HAL_Driver/Inc -I../Drivers/STM32F4xx_HAL_Driver/Inc/Legacy -I../Drivers/CMSIS/Device/ST/STM32F4xx/Include -I../Drivers/CMSIS/Include -O0 -ffunction-sections -fdata-sections -Wall -fstack-usage -fcyclomatic-complexity -MMD -MP -MF"Drivers/STM32F4xx_HAL_Driver/Src/stm32f4xx_hal_rcc.d" -MT"Drivers/STM32F4xx_HAL_Driver/Src/stm32f4xx_hal_rcc.o" --specs=nano.specs -mfpu=fpv4-sp-d16 -mfloat-abi=hard -mthumb -o "Drivers/STM32F4xx_HAL_Driver/Src/stm32f4xx_hal_rcc.o"
arm-none-eabi-gcc "../Drivers/STM32F4xx_HAL_Driver/Src/stm32f4xx_hal_rcc_ex.c" -mcpu=cortex-m4 -std=gnu11 -g3 -DDEBUG -DUSE_HAL_DRIVER -DSTM32F411xE -c -I../Core/Inc -I../Drivers/STM32F4xx_HAL_Driver/Inc -I../Drivers/STM32F4xx_HAL_Driver/Inc/Legacy -I../Drivers/CMSIS/Device/ST/STM32F4xx/Include -I../Drivers/CMSIS/Include -O0 -ffunction-sections -fdata-sections -Wall -fstack-usage -fcyclomatic-complexity -MMD -MP -MF"Drivers/STM32F4xx_HAL_Driver/Src/stm32f4xx_hal_rcc_ex.d" -MT"Drivers/STM32F4xx_HAL_Driver/Src/stm32f4xx_hal_rcc_ex.o" --specs=nano.specs -mfpu=fpv4-sp-d16 -mfloat-abi=hard -mthumb -o "Drivers/STM32F4xx_HAL_Driver/Src/stm32f4xx_hal_rcc_ex.o"
arm-none-eabi-gcc -mcpu=cortex-m4 -g3 -DDEBUG -c -x assembler-with-cpp -MMD -MP -MF"Core/Startup/startup_stm32f411retx.d" -MT"Core/Startup/startup_stm32f411retx.o" --specs=nano.specs -mfpu=fpv4-sp-d16 -mfloat-abi=hard -mthumb -o "Core/Startup/startup_stm32f411retx.o" "../Core/Startup/startup_stm32f411retx.s"
arm-none-eabi-gcc "../Core/Src/button.c" -mcpu=cortex-m4 -std=gnu11 -g3 -DDEBUG -DUSE_HAL_DRIVER -DSTM32F411xE -c -I../Core/Inc -I../Drivers/STM32F4xx_HAL_Driver/Inc -I../Drivers/STM32F4xx_HAL_Driver/Inc/Legacy -I../Drivers/CMSIS/Device/ST/STM32F4xx/Include -I../Drivers/CMSIS/Include -O0 -ffunction-sections -fdata-sections -Wall -fstack-usage -fcyclomatic-complexity -MMD -MP -MF"Core/Src/button.d" -MT"Core/Src/button.o" --specs=nano.specs -mfpu=fpv4-sp-d16 -mfloat-abi=hard -mthumb -o "Core/Src/button.o"
arm-none-eabi-gcc "../Core/Src/gpio.c" -mcpu=cortex-m4 -std=gnu11 -g3 -DDEBUG -DUSE_HAL_DRIVER -DSTM32F411xE -c -I../Core/Inc -I../Drivers/STM32F4xx_HAL_Driver/Inc -I../Drivers/STM32F4xx_HAL_Driver/Inc/Legacy -I../Drivers/CMSIS/Device/ST/STM32F4xx/Include -I../Drivers/CMSIS/Include -O0 -ffunction-sections -fdata-sections -Wall -fstack-usage -fcyclomatic-complexity -MMD -MP -MF"Core/Src/gpio.d" -MT"Core/Src/gpio.o" --specs=nano.specs -mfpu=fpv4-sp-d16 -mfloat-abi=hard -mthumb -o "Core/Src/gpio.o"
arm-none-eabi-gcc "../Core/Src/led.c" -mcpu=cortex-m4 -std=gnu11 -g3 -DDEBUG -DUSE_HAL_DRIVER -DSTM32F411xE -c -I../Core/Inc -I../Drivers/STM32F4xx_HAL_Driver/Inc -I../Drivers/STM32F4xx_HAL_Driver/Inc/Legacy -I../Drivers/CMSIS/Device/ST/STM32F4xx/Include -I../Drivers/CMSIS/Include -O0 -ffunction-sections -fdata-sections -Wall -fstack-usage -fcyclomatic-complexity -MMD -MP -MF"Core/Src/led.d" -MT"Core/Src/led.o" --specs=nano.specs -mfpu=fpv4-sp-d16 -mfloat-abi=hard -mthumb -o "Core/Src/led.o"
arm-none-eabi-gcc "../Core/Src/main.c" -mcpu=cortex-m4 -std=gnu11 -g3 -DDEBUG -DUSE_HAL_DRIVER -DSTM32F411xE -c -I../Core/Inc -I../Drivers/STM32F4xx_HAL_Driver/Inc -I../Drivers/STM32F4xx_HAL_Driver/Inc/Legacy -I../Drivers/CMSIS/Device/ST/STM32F4xx/Include -I../Drivers/CMSIS/Include -O0 -ffunction-sections -fdata-sections -Wall -fstack-usage -fcyclomatic-complexity -MMD -MP -MF"Core/Src/main.d" -MT"Core/Src/main.o" --specs=nano.specs -mfpu=fpv4-sp-d16 -mfloat-abi=hard -mthumb -o "Core/Src/main.o"
arm-none-eabi-gcc "../Core/Src/stm32f4xx_hal_msp.c" -mcpu=cortex-m4 -std=gnu11 -g3 -DDEBUG -DUSE_HAL_DRIVER -DSTM32F411xE -c -I../Core/Inc -I../Drivers/STM32F4xx_HAL_Driver/Inc -I../Drivers/STM32F4xx_HAL_Driver/Inc/Legacy -I../Drivers/CMSIS/Device/ST/STM32F4xx/Include -I../Drivers/CMSIS/Include -O0 -ffunction-sections -fdata-sections -Wall -fstack-usage -fcyclomatic-complexity -MMD -MP -MF"Core/Src/stm32f4xx_hal_msp.d" -MT"Core/Src/stm32f4xx_hal_msp.o" --specs=nano.specs -mfpu=fpv4-sp-d16 -mfloat-abi=hard -mthumb -o "Core/Src/stm32f4xx_hal_msp.o"
arm-none-eabi-gcc "../Core/Src/stm32f4xx_it.c" -mcpu=cortex-m4 -std=gnu11 -g3 -DDEBUG -DUSE_HAL_DRIVER -DSTM32F411xE -c -I../Core/Inc -I../Drivers/STM32F4xx_HAL_Driver/Inc -I../Drivers/STM32F4xx_HAL_Driver/Inc/Legacy -I../Drivers/CMSIS/Device/ST/STM32F4xx/Include -I../Drivers/CMSIS/Include -O0 -ffunction-sections -fdata-sections -Wall -fstack-usage -fcyclomatic-complexity -MMD -MP -MF"Core/Src/stm32f4xx_it.d" -MT"Core/Src/stm32f4xx_it.o" --specs=nano.specs -mfpu=fpv4-sp-d16 -mfloat-abi=hard -mthumb -o "Core/Src/stm32f4xx_it.o"
arm-none-eabi-gcc "../Core/Src/syscalls.c" -mcpu=cortex-m4 -std=gnu11 -g3 -DDEBUG -DUSE_HAL_DRIVER -DSTM32F411xE -c -I../Core/Inc -I../Drivers/STM32F4xx_HAL_Driver/Inc -I../Drivers/STM32F4xx_HAL_Driver/Inc/Legacy -I../Drivers/CMSIS/Device/ST/STM32F4xx/Include -I../Drivers/CMSIS/Include -O0 -ffunction-sections -fdata-sections -Wall -fstack-usage -fcyclomatic-complexity -MMD -MP -MF"Core/Src/syscalls.d" -MT"Core/Src/syscalls.o" --specs=nano.specs -mfpu=fpv4-sp-d16 -mfloat-abi=hard -mthumb -o "Core/Src/syscalls.o"
arm-none-eabi-gcc "../Core/Src/sysmem.c" -mcpu=cortex-m4 -std=gnu11 -g3 -DDEBUG -DUSE_HAL_DRIVER -DSTM32F411xE -c -I../Core/Inc -I../Drivers/STM32F4xx_HAL_Driver/Inc -I../Drivers/STM32F4xx_HAL_Driver/Inc/Legacy -I../Drivers/CMSIS/Device/ST/STM32F4xx/Include -I../Drivers/CMSIS/Include -O0 -ffunction-sections -fdata-sections -Wall -fstack-usage -fcyclomatic-complexity -MMD -MP -MF"Core/Src/sysmem.d" -MT"Core/Src/sysmem.o" --specs=nano.specs -mfpu=fpv4-sp-d16 -mfloat-abi=hard -mthumb -o "Core/Src/sysmem.o"
arm-none-eabi-gcc "../Core/Src/system_stm32f4xx.c" -mcpu=cortex-m4 -std=gnu11 -g3 -DDEBUG -DUSE_HAL_DRIVER -DSTM32F411xE -c -I../Core/Inc -I../Drivers/STM32F4xx_HAL_Driver/Inc -I../Drivers/STM32F4xx_HAL_Driver/Inc/Legacy -I../Drivers/CMSIS/Device/ST/STM32F4xx/Include -I../Drivers/CMSIS/Include -O0 -ffunction-sections -fdata-sections -Wall -fstack-usage -fcyclomatic-complexity -MMD -MP -MF"Core/Src/system_stm32f4xx.d" -MT"Core/Src/system_stm32f4xx.o" --specs=nano.specs -mfpu=fpv4-sp-d16 -mfloat-abi=hard -mthumb -o "Core/Src/system_stm32f4xx.o"
arm-none-eabi-gcc -o "good.elf" @"objects.list"   -mcpu=cortex-m4 -T"/home/user12/workspace_ondevice_1/arm/good/STM32F411RETX_FLASH.ld" --specs=nosys.specs -Wl,-Map="good.map" -Wl,--gc-sections -static --specs=nano.specs -mfpu=fpv4-sp-d16 -mfloat-abi=hard -mthumb -Wl,--start-group -lc -lm -Wl,--end-group
Finished building target: good.elf
 
arm-none-eabi-size  good.elf 
arm-none-eabi-objdump -h -S good.elf  > "good.list"
   text	   data	    bss	    dec	    hex	filename
   6188	     12	   1572	   7772	   1e5c	good.elf
Finished building: default.size.stdout
 
Finished building: good.list
 
20:10:03 **** Incremental Build of configuration Debug for project 02_BUTTON1 ****
make -j16 all 
arm-none-eabi-size  02_BUTTON1.elf 
   text	   data	    bss	    dec	    hex	filename
   6188	     12	   1572	   7772	   1e5c	02_BUTTON1.elf
Finished building: default.size.stdout
 
20:10:05 **** Incremental Build of configuration Debug for project 02_BUTTON1 ****
make -j16 all 
arm-none-eabi-size  02_BUTTON1.elf 
   text	   data	    bss	    dec	    hex	filename
   6188	     12	   1572	   7772	   1e5c	02_BUTTON1.elf
Finished building: default.size.stdout
 
20:10:11 **** Incremental Build of configuration Debug for project 02_BUTTON1 ****
make -j16 all 
arm-none-eabi-size  02_BUTTON1.elf 
   text	   data	    bss	    dec	    hex	filename
   6188	     12	   1572	   7772	   1e5c	02_BUTTON1.elf
Finished building: default.size.stdout
 
20:12:33 **** Incremental Build of configuration Debug for project 02_BUTTON1 ****
make -j16 all 
arm-none-eabi-gcc "../Core/Src/gpio.c" -mcpu=cortex-m4 -std=gnu11 -g3 -DDEBUG -DUSE_HAL_DRIVER -DSTM32F411xE -c -I../Core/Inc -I../Drivers/STM32F4xx_HAL_Driver/Inc -I../Drivers/STM32F4xx_HAL_Driver/Inc/Legacy -I../Drivers/CMSIS/Device/ST/STM32F4xx/Include -I../Drivers/CMSIS/Include -O0 -ffunction-sections -fdata-sections -Wall -fstack-usage -fcyclomatic-complexity -MMD -MP -MF"Core/Src/gpio.d" -MT"Core/Src/gpio.o" --specs=nano.specs -mfpu=fpv4-sp-d16 -mfloat-abi=hard -mthumb -o "Core/Src/gpio.o"
arm-none-eabi-gcc "../Core/Src/main.c" -mcpu=cortex-m4 -std=gnu11 -g3 -DDEBUG -DUSE_HAL_DRIVER -DSTM32F411xE -c -I../Core/Inc -I../Drivers/STM32F4xx_HAL_Driver/Inc -I../Drivers/STM32F4xx_HAL_Driver/Inc/Legacy -I../Drivers/CMSIS/Device/ST/STM32F4xx/Include -I../Drivers/CMSIS/Include -O0 -ffunction-sections -fdata-sections -Wall -fstack-usage -fcyclomatic-complexity -MMD -MP -MF"Core/Src/main.d" -MT"Core/Src/main.o" --specs=nano.specs -mfpu=fpv4-sp-d16 -mfloat-abi=hard -mthumb -o "Core/Src/main.o"
arm-none-eabi-gcc "../Core/Src/stm32f4xx_hal_msp.c" -mcpu=cortex-m4 -std=gnu11 -g3 -DDEBUG -DUSE_HAL_DRIVER -DSTM32F411xE -c -I../Core/Inc -I../Drivers/STM32F4xx_HAL_Driver/Inc -I../Drivers/STM32F4xx_HAL_Driver/Inc/Legacy -I../Drivers/CMSIS/Device/ST/STM32F4xx/Include -I../Drivers/CMSIS/Include -O0 -ffunction-sections -fdata-sections -Wall -fstack-usage -fcyclomatic-complexity -MMD -MP -MF"Core/Src/stm32f4xx_hal_msp.d" -MT"Core/Src/stm32f4xx_hal_msp.o" --specs=nano.specs -mfpu=fpv4-sp-d16 -mfloat-abi=hard -mthumb -o "Core/Src/stm32f4xx_hal_msp.o"
arm-none-eabi-gcc "../Core/Src/stm32f4xx_it.c" -mcpu=cortex-m4 -std=gnu11 -g3 -DDEBUG -DUSE_HAL_DRIVER -DSTM32F411xE -c -I../Core/Inc -I../Drivers/STM32F4xx_HAL_Driver/Inc -I../Drivers/STM32F4xx_HAL_Driver/Inc/Legacy -I../Drivers/CMSIS/Device/ST/STM32F4xx/Include -I../Drivers/CMSIS/Include -O0 -ffunction-sections -fdata-sections -Wall -fstack-usage -fcyclomatic-complexity -MMD -MP -MF"Core/Src/stm32f4xx_it.d" -MT"Core/Src/stm32f4xx_it.o" --specs=nano.specs -mfpu=fpv4-sp-d16 -mfloat-abi=hard -mthumb -o "Core/Src/stm32f4xx_it.o"
arm-none-eabi-gcc "../Core/Src/syscalls.c" -mcpu=cortex-m4 -std=gnu11 -g3 -DDEBUG -DUSE_HAL_DRIVER -DSTM32F411xE -c -I../Core/Inc -I../Drivers/STM32F4xx_HAL_Driver/Inc -I../Drivers/STM32F4xx_HAL_Driver/Inc/Legacy -I../Drivers/CMSIS/Device/ST/STM32F4xx/Include -I../Drivers/CMSIS/Include -O0 -ffunction-sections -fdata-sections -Wall -fstack-usage -fcyclomatic-complexity -MMD -MP -MF"Core/Src/syscalls.d" -MT"Core/Src/syscalls.o" --specs=nano.specs -mfpu=fpv4-sp-d16 -mfloat-abi=hard -mthumb -o "Core/Src/syscalls.o"
arm-none-eabi-gcc "../Core/Src/sysmem.c" -mcpu=cortex-m4 -std=gnu11 -g3 -DDEBUG -DUSE_HAL_DRIVER -DSTM32F411xE -c -I../Core/Inc -I../Drivers/STM32F4xx_HAL_Driver/Inc -I../Drivers/STM32F4xx_HAL_Driver/Inc/Legacy -I../Drivers/CMSIS/Device/ST/STM32F4xx/Include -I../Drivers/CMSIS/Include -O0 -ffunction-sections -fdata-sections -Wall -fstack-usage -fcyclomatic-complexity -MMD -MP -MF"Core/Src/sysmem.d" -MT"Core/Src/sysmem.o" --specs=nano.specs -mfpu=fpv4-sp-d16 -mfloat-abi=hard -mthumb -o "Core/Src/sysmem.o"
arm-none-eabi-gcc "../Core/Src/system_stm32f4xx.c" -mcpu=cortex-m4 -std=gnu11 -g3 -DDEBUG -DUSE_HAL_DRIVER -DSTM32F411xE -c -I../Core/Inc -I../Drivers/STM32F4xx_HAL_Driver/Inc -I../Drivers/STM32F4xx_HAL_Driver/Inc/Legacy -I../Drivers/CMSIS/Device/ST/STM32F4xx/Include -I../Drivers/CMSIS/Include -O0 -ffunction-sections -fdata-sections -Wall -fstack-usage -fcyclomatic-complexity -MMD -MP -MF"Core/Src/system_stm32f4xx.d" -MT"Core/Src/system_stm32f4xx.o" --specs=nano.specs -mfpu=fpv4-sp-d16 -mfloat-abi=hard -mthumb -o "Core/Src/system_stm32f4xx.o"
arm-none-eabi-gcc -o "02_BUTTON1.elf" @"objects.list"   -mcpu=cortex-m4 -T"/home/user12/workspace_ondevice_1/arm/02_BUTTON1/STM32F411RETX_FLASH.ld" --specs=nosys.specs -Wl,-Map="02_BUTTON1.map" -Wl,--gc-sections -static --specs=nano.specs -mfpu=fpv4-sp-d16 -mfloat-abi=hard -mthumb -Wl,--start-group -lc -lm -Wl,--end-group
Finished building target: 02_BUTTON1.elf
 
arm-none-eabi-size  02_BUTTON1.elf 
arm-none-eabi-objdump -h -S 02_BUTTON1.elf  > "02_BUTTON1.list"
   text	   data	    bss	    dec	    hex	filename
   6188	     12	   1572	   7772	   1e5c	02_BUTTON1.elf
Finished building: default.size.stdout
 
Finished building: 02_BUTTON1.list
 
20:12:33 **** Incremental Build of configuration Debug for project 02_BUTTON3 ****
make -j16 all 
arm-none-eabi-size  02_BUTTON3.elf 
   text	   data	    bss	    dec	    hex	filename
   6328	     48	   1568	   7944	   1f08	02_BUTTON3.elf
Finished building: default.size.stdout
 
20:12:33 **** Incremental Build of configuration Debug for project good ****
make -j16 all 
arm-none-eabi-size  good.elf 
   text	   data	    bss	    dec	    hex	filename
   6188	     12	   1572	   7772	   1e5c	good.elf
Finished building: default.size.stdout
 
20:12:36 **** Incremental Build of configuration Debug for project 02_BUTTON1 ****
make -j16 all 
arm-none-eabi-size  02_BUTTON1.elf 
   text	   data	    bss	    dec	    hex	filename
   6188	     12	   1572	   7772	   1e5c	02_BUTTON1.elf
Finished building: default.size.stdout
 
20:12:42 **** Incremental Build of configuration Debug for project 02_BUTTON1 ****
make -j16 all 
arm-none-eabi-size  02_BUTTON1.elf 
   text	   data	    bss	    dec	    hex	filename
   6188	     12	   1572	   7772	   1e5c	02_BUTTON1.elf
Finished building: default.size.stdout
 
20:26:06 **** Incremental Build of configuration Debug for project good ****
make -j16 all 
arm-none-eabi-gcc "../Core/Src/main.c" -mcpu=cortex-m4 -std=gnu11 -g3 -DDEBUG -DUSE_HAL_DRIVER -DSTM32F411xE -c -I../Core/Inc -I../Drivers/STM32F4xx_HAL_Driver/Inc -I../Drivers/STM32F4xx_HAL_Driver/Inc/Legacy -I../Drivers/CMSIS/Device/ST/STM32F4xx/Include -I../Drivers/CMSIS/Include -O0 -ffunction-sections -fdata-sections -Wall -fstack-usage -fcyclomatic-complexity -MMD -MP -MF"Core/Src/main.d" -MT"Core/Src/main.o" --specs=nano.specs -mfpu=fpv4-sp-d16 -mfloat-abi=hard -mthumb -o "Core/Src/main.o"
../Core/Src/main.c:144:1: error: expected identifier or '(' before '}' token
  144 | }
      | ^
make: *** [Core/Src/subdir.mk:43: Core/Src/main.o] Error 1
"make -j16 all" terminated with exit code 2. Build might be incomplete.
20:26:09 **** Incremental Build of configuration Debug for project good ****
make -j16 all 
arm-none-eabi-gcc "../Core/Src/main.c" -mcpu=cortex-m4 -std=gnu11 -g3 -DDEBUG -DUSE_HAL_DRIVER -DSTM32F411xE -c -I../Core/Inc -I../Drivers/STM32F4xx_HAL_Driver/Inc -I../Drivers/STM32F4xx_HAL_Driver/Inc/Legacy -I../Drivers/CMSIS/Device/ST/STM32F4xx/Include -I../Drivers/CMSIS/Include -O0 -ffunction-sections -fdata-sections -Wall -fstack-usage -fcyclomatic-complexity -MMD -MP -MF"Core/Src/main.d" -MT"Core/Src/main.o" --specs=nano.specs -mfpu=fpv4-sp-d16 -mfloat-abi=hard -mthumb -o "Core/Src/main.o"
../Core/Src/main.c:144:1: error: expected identifier or '(' before '}' token
  144 | }
      | ^
make: *** [Core/Src/subdir.mk:43: Core/Src/main.o] Error 1
"make -j16 all" terminated with exit code 2. Build might be incomplete.
20:26:36 **** Incremental Build of configuration Debug for project good ****
make -j16 all 
arm-none-eabi-gcc "../Core/Src/main.c" -mcpu=cortex-m4 -std=gnu11 -g3 -DDEBUG -DUSE_HAL_DRIVER -DSTM32F411xE -c -I../Core/Inc -I../Drivers/STM32F4xx_HAL_Driver/Inc -I../Drivers/STM32F4xx_HAL_Driver/Inc/Legacy -I../Drivers/CMSIS/Device/ST/STM32F4xx/Include -I../Drivers/CMSIS/Include -O0 -ffunction-sections -fdata-sections -Wall -fstack-usage -fcyclomatic-complexity -MMD -MP -MF"Core/Src/main.d" -MT"Core/Src/main.o" --specs=nano.specs -mfpu=fpv4-sp-d16 -mfloat-abi=hard -mthumb -o "Core/Src/main.o"
arm-none-eabi-gcc -o "good.elf" @"objects.list"   -mcpu=cortex-m4 -T"/home/user12/workspace_ondevice_1/arm/good/STM32F411RETX_FLASH.ld" --specs=nosys.specs -Wl,-Map="good.map" -Wl,--gc-sections -static --specs=nano.specs -mfpu=fpv4-sp-d16 -mfloat-abi=hard -mthumb -Wl,--start-group -lc -lm -Wl,--end-group
Finished building target: good.elf
 
arm-none-eabi-size  good.elf 
arm-none-eabi-objdump -h -S good.elf  > "good.list"
   text	   data	    bss	    dec	    hex	filename
   6972	     76	   1572	   8620	   21ac	good.elf
Finished building: default.size.stdout
 
Finished building: good.list
 
20:30:50 **** Incremental Build of configuration Debug for project good ****
make -j16 all 
arm-none-eabi-size  good.elf 
   text	   data	    bss	    dec	    hex	filename
   6972	     76	   1572	   8620	   21ac	good.elf
Finished building: default.size.stdout
 
20:31:00 **** Incremental Build of configuration Debug for project good ****
make -j16 all 
arm-none-eabi-size  good.elf 
   text	   data	    bss	    dec	    hex	filename
   6972	     76	   1572	   8620	   21ac	good.elf
Finished building: default.size.stdout
 
