15:58:06 **** Incremental Build of configuration Debug for project bluetooth_HC06 ****
make -j16 all 
arm-none-eabi-gcc "../Core/Src/main.c" -mcpu=cortex-m4 -std=gnu11 -g3 -DDEBUG -DUSE_HAL_DRIVER -DSTM32F411xE -c -I../Core/Inc -I../Drivers/STM32F4xx_HAL_Driver/Inc -I../Drivers/STM32F4xx_HAL_Driver/Inc/Legacy -I../Drivers/CMSIS/Device/ST/STM32F4xx/Include -I../Drivers/CMSIS/Include -O0 -ffunction-sections -fdata-sections -Wall -fstack-usage -fcyclomatic-complexity -MMD -MP -MF"Core/Src/main.d" -MT"Core/Src/main.o" --specs=nano.specs -mfpu=fpv4-sp-d16 -mfloat-abi=hard -mthumb -o "Core/Src/main.o"
arm-none-eabi-gcc -o "bluetooth_HC06.elf" @"objects.list"   -mcpu=cortex-m4 -T"/home/user12/workspace_ondevice_1/arm1/bluetooth_HC06/STM32F411RETX_FLASH.ld" --specs=nosys.specs -Wl,-Map="bluetooth_HC06.map" -Wl,--gc-sections -static --specs=nano.specs -mfpu=fpv4-sp-d16 -mfloat-abi=hard -mthumb -Wl,--start-group -lc -lm -Wl,--end-group
Finished building target: bluetooth_HC06.elf
 
arm-none-eabi-size  bluetooth_HC06.elf 
arm-none-eabi-objdump -h -S bluetooth_HC06.elf  > "bluetooth_HC06.list"
   text	   data	    bss	    dec	    hex	filename
  19424	     12	   2028	  21464	   53d8	bluetooth_HC06.elf
Finished building: default.size.stdout
 
Finished building: bluetooth_HC06.list
 

15:58:07 Build Finished. 0 errors, 0 warnings. (took 236ms)

